[2025-03-30T12:20:01.443-0600][gc] Using G1
[2025-03-30T12:20:01.456-0600][gc,init] Version: 17.0.14+7 (release)
[2025-03-30T12:20:01.456-0600][gc,init] CPUs: 2 total, 2 available
[2025-03-30T12:20:01.456-0600][gc,init] Memory: 6821M
[2025-03-30T12:20:01.456-0600][gc,init] Large Page Support: Disabled
[2025-03-30T12:20:01.456-0600][gc,init] NUMA Support: Disabled
[2025-03-30T12:20:01.456-0600][gc,init] Compressed Oops: Enabled (32-bit)
[2025-03-30T12:20:01.456-0600][gc,init] Heap Region Size: 1M
[2025-03-30T12:20:01.456-0600][gc,init] Heap Min Capacity: 1G
[2025-03-30T12:20:01.456-0600][gc,init] Heap Initial Capacity: 1G
[2025-03-30T12:20:01.456-0600][gc,init] Heap Max Capacity: 1G
[2025-03-30T12:20:01.456-0600][gc,init] Pre-touch: Disabled
[2025-03-30T12:20:01.456-0600][gc,init] Parallel Workers: 2
[2025-03-30T12:20:01.456-0600][gc,init] Concurrent Workers: 1
[2025-03-30T12:20:01.456-0600][gc,init] Concurrent Refinement Workers: 2
[2025-03-30T12:20:01.456-0600][gc,init] Periodic GC: Disabled
[2025-03-30T12:20:01.465-0600][gc,metaspace] CDS archive(s) mapped at: [0x000070ce37000000-0x000070ce37bc9000-0x000070ce37bc9000), size 12357632, SharedBaseAddress: 0x000070ce37000000, ArchiveRelocationMode: 1.
[2025-03-30T12:20:01.465-0600][gc,metaspace] Compressed class space mapped at: 0x000070ce38000000-0x000070ce78000000, reserved size: 1073741824
[2025-03-30T12:20:01.466-0600][gc,metaspace] Narrow klass base: 0x000070ce37000000, Narrow klass shift: 0, Narrow klass range: 0x100000000
[2025-03-30T12:20:06.045-0600][gc,start    ] GC(0) Pause Young (Normal) (G1 Evacuation Pause)
[2025-03-30T12:20:06.045-0600][gc,task     ] GC(0) Using 2 workers of 2 for evacuation
[2025-03-30T12:20:06.059-0600][gc,phases   ] GC(0)   Pre Evacuate Collection Set: 0.4ms
[2025-03-30T12:20:06.059-0600][gc,phases   ] GC(0)   Merge Heap Roots: 0.1ms
[2025-03-30T12:20:06.059-0600][gc,phases   ] GC(0)   Evacuate Collection Set: 11.6ms
[2025-03-30T12:20:06.059-0600][gc,phases   ] GC(0)   Post Evacuate Collection Set: 1.0ms
[2025-03-30T12:20:06.059-0600][gc,phases   ] GC(0)   Other: 0.4ms
[2025-03-30T12:20:06.059-0600][gc,heap     ] GC(0) Eden regions: 51->0(44)
[2025-03-30T12:20:06.059-0600][gc,heap     ] GC(0) Survivor regions: 0->7(7)
[2025-03-30T12:20:06.059-0600][gc,heap     ] GC(0) Old regions: 0->1
[2025-03-30T12:20:06.059-0600][gc,heap     ] GC(0) Archive regions: 2->2
[2025-03-30T12:20:06.059-0600][gc,heap     ] GC(0) Humongous regions: 0->0
[2025-03-30T12:20:06.059-0600][gc,metaspace] GC(0) Metaspace: 18424K(18688K)->18424K(18688K) NonClass: 16051K(16192K)->16051K(16192K) Class: 2372K(2496K)->2372K(2496K)
[2025-03-30T12:20:06.059-0600][gc          ] GC(0) Pause Young (Normal) (G1 Evacuation Pause) 51M->8M(1024M) 13.732ms
[2025-03-30T12:20:06.059-0600][gc,cpu      ] GC(0) User=0.02s Sys=0.01s Real=0.02s
[2025-03-30T12:20:06.717-0600][gc,start    ] GC(1) Pause Young (Concurrent Start) (Metadata GC Threshold)
[2025-03-30T12:20:06.717-0600][gc,task     ] GC(1) Using 2 workers of 2 for evacuation
[2025-03-30T12:20:06.732-0600][gc,phases   ] GC(1)   Pre Evacuate Collection Set: 0.3ms
[2025-03-30T12:20:06.732-0600][gc,phases   ] GC(1)   Merge Heap Roots: 0.1ms
[2025-03-30T12:20:06.732-0600][gc,phases   ] GC(1)   Evacuate Collection Set: 13.7ms
[2025-03-30T12:20:06.732-0600][gc,phases   ] GC(1)   Post Evacuate Collection Set: 1.0ms
[2025-03-30T12:20:06.732-0600][gc,phases   ] GC(1)   Other: 0.3ms
[2025-03-30T12:20:06.732-0600][gc,heap     ] GC(1) Eden regions: 11->0(50)
[2025-03-30T12:20:06.732-0600][gc,heap     ] GC(1) Survivor regions: 7->1(7)
[2025-03-30T12:20:06.732-0600][gc,heap     ] GC(1) Old regions: 1->8
[2025-03-30T12:20:06.733-0600][gc,heap     ] GC(1) Archive regions: 2->2
[2025-03-30T12:20:06.733-0600][gc,heap     ] GC(1) Humongous regions: 0->0
[2025-03-30T12:20:06.733-0600][gc,metaspace] GC(1) Metaspace: 21260K(21504K)->21260K(21504K) NonClass: 18458K(18624K)->18458K(18624K) Class: 2801K(2880K)->2801K(2880K)
[2025-03-30T12:20:06.733-0600][gc          ] GC(1) Pause Young (Concurrent Start) (Metadata GC Threshold) 19M->9M(1024M) 15.684ms
[2025-03-30T12:20:06.733-0600][gc,cpu      ] GC(1) User=0.02s Sys=0.00s Real=0.02s
[2025-03-30T12:20:06.733-0600][gc          ] GC(2) Concurrent Mark Cycle
[2025-03-30T12:20:06.733-0600][gc,marking  ] GC(2) Concurrent Clear Claimed Marks
[2025-03-30T12:20:06.733-0600][gc,marking  ] GC(2) Concurrent Clear Claimed Marks 0.045ms
[2025-03-30T12:20:06.733-0600][gc,marking  ] GC(2) Concurrent Scan Root Regions
[2025-03-30T12:20:06.739-0600][gc,marking  ] GC(2) Concurrent Scan Root Regions 5.334ms
[2025-03-30T12:20:06.739-0600][gc,marking  ] GC(2) Concurrent Mark
[2025-03-30T12:20:06.739-0600][gc,marking  ] GC(2) Concurrent Mark From Roots
[2025-03-30T12:20:06.739-0600][gc,task     ] GC(2) Using 1 workers of 1 for marking
[2025-03-30T12:20:06.743-0600][gc,marking  ] GC(2) Concurrent Mark From Roots 4.030ms
[2025-03-30T12:20:06.743-0600][gc,marking  ] GC(2) Concurrent Preclean
[2025-03-30T12:20:06.743-0600][gc,marking  ] GC(2) Concurrent Preclean 0.045ms
[2025-03-30T12:20:06.743-0600][gc,start    ] GC(2) Pause Remark
[2025-03-30T12:20:06.747-0600][gc          ] GC(2) Pause Remark 10M->10M(1024M) 3.611ms
[2025-03-30T12:20:06.747-0600][gc,cpu      ] GC(2) User=0.01s Sys=0.00s Real=0.00s
[2025-03-30T12:20:06.747-0600][gc,marking  ] GC(2) Concurrent Mark 8.548ms
[2025-03-30T12:20:06.747-0600][gc,marking  ] GC(2) Concurrent Rebuild Remembered Sets
[2025-03-30T12:20:06.762-0600][gc,marking  ] GC(2) Concurrent Rebuild Remembered Sets 14.924ms
[2025-03-30T12:20:06.766-0600][gc,start    ] GC(2) Pause Cleanup
[2025-03-30T12:20:06.766-0600][gc          ] GC(2) Pause Cleanup 10M->10M(1024M) 0.498ms
[2025-03-30T12:20:06.766-0600][gc,cpu      ] GC(2) User=0.01s Sys=0.00s Real=0.00s
[2025-03-30T12:20:06.767-0600][gc,marking  ] GC(2) Concurrent Cleanup for Next Mark
[2025-03-30T12:20:06.782-0600][gc,marking  ] GC(2) Concurrent Cleanup for Next Mark 15.038ms
[2025-03-30T12:20:06.782-0600][gc          ] GC(2) Concurrent Mark Cycle 49.305ms
[2025-03-30T12:20:08.956-0600][gc,start    ] GC(3) Pause Young (Normal) (G1 Evacuation Pause)
[2025-03-30T12:20:08.956-0600][gc,task     ] GC(3) Using 2 workers of 2 for evacuation
[2025-03-30T12:20:08.974-0600][gc,phases   ] GC(3)   Pre Evacuate Collection Set: 0.6ms
[2025-03-30T12:20:08.974-0600][gc,phases   ] GC(3)   Merge Heap Roots: 0.1ms
[2025-03-30T12:20:08.974-0600][gc,phases   ] GC(3)   Evacuate Collection Set: 15.9ms
[2025-03-30T12:20:08.974-0600][gc,phases   ] GC(3)   Post Evacuate Collection Set: 0.9ms
[2025-03-30T12:20:08.974-0600][gc,phases   ] GC(3)   Other: 0.3ms
[2025-03-30T12:20:08.974-0600][gc,heap     ] GC(3) Eden regions: 50->0(45)
[2025-03-30T12:20:08.974-0600][gc,heap     ] GC(3) Survivor regions: 1->6(7)
[2025-03-30T12:20:08.974-0600][gc,heap     ] GC(3) Old regions: 8->8
[2025-03-30T12:20:08.974-0600][gc,heap     ] GC(3) Archive regions: 2->2
[2025-03-30T12:20:08.974-0600][gc,heap     ] GC(3) Humongous regions: 129->129
[2025-03-30T12:20:08.974-0600][gc,metaspace] GC(3) Metaspace: 32526K(32768K)->32526K(32768K) NonClass: 28632K(28800K)->28632K(28800K) Class: 3894K(3968K)->3894K(3968K)
[2025-03-30T12:20:08.974-0600][gc          ] GC(3) Pause Young (Normal) (G1 Evacuation Pause) 188M->143M(1024M) 18.001ms
[2025-03-30T12:20:08.974-0600][gc,cpu      ] GC(3) User=0.03s Sys=0.00s Real=0.02s
[2025-03-30T12:20:09.428-0600][gc,start    ] GC(4) Pause Young (Concurrent Start) (Metadata GC Threshold)
[2025-03-30T12:20:09.428-0600][gc,task     ] GC(4) Using 2 workers of 2 for evacuation
[2025-03-30T12:20:09.447-0600][gc,phases   ] GC(4)   Pre Evacuate Collection Set: 0.3ms
[2025-03-30T12:20:09.447-0600][gc,phases   ] GC(4)   Merge Heap Roots: 0.1ms
[2025-03-30T12:20:09.447-0600][gc,phases   ] GC(4)   Evacuate Collection Set: 17.4ms
[2025-03-30T12:20:09.447-0600][gc,phases   ] GC(4)   Post Evacuate Collection Set: 0.7ms
[2025-03-30T12:20:09.447-0600][gc,phases   ] GC(4)   Other: 0.3ms
[2025-03-30T12:20:09.447-0600][gc,heap     ] GC(4) Eden regions: 15->0(50)
[2025-03-30T12:20:09.447-0600][gc,heap     ] GC(4) Survivor regions: 6->1(7)
[2025-03-30T12:20:09.447-0600][gc,heap     ] GC(4) Old regions: 8->14
[2025-03-30T12:20:09.447-0600][gc,heap     ] GC(4) Archive regions: 2->2
[2025-03-30T12:20:09.447-0600][gc,heap     ] GC(4) Humongous regions: 129->129
[2025-03-30T12:20:09.447-0600][gc,metaspace] GC(4) Metaspace: 35677K(35968K)->35677K(35968K) NonClass: 31353K(31488K)->31353K(31488K) Class: 4324K(4480K)->4324K(4480K)
[2025-03-30T12:20:09.447-0600][gc          ] GC(4) Pause Young (Concurrent Start) (Metadata GC Threshold) 157M->144M(1024M) 19.097ms
[2025-03-30T12:20:09.447-0600][gc,cpu      ] GC(4) User=0.03s Sys=0.01s Real=0.02s
[2025-03-30T12:20:09.447-0600][gc          ] GC(5) Concurrent Mark Cycle
[2025-03-30T12:20:09.447-0600][gc,marking  ] GC(5) Concurrent Clear Claimed Marks
[2025-03-30T12:20:09.447-0600][gc,marking  ] GC(5) Concurrent Clear Claimed Marks 0.035ms
[2025-03-30T12:20:09.447-0600][gc,marking  ] GC(5) Concurrent Scan Root Regions
[2025-03-30T12:20:09.454-0600][gc,marking  ] GC(5) Concurrent Scan Root Regions 6.724ms
[2025-03-30T12:20:09.454-0600][gc,marking  ] GC(5) Concurrent Mark
[2025-03-30T12:20:09.454-0600][gc,marking  ] GC(5) Concurrent Mark From Roots
[2025-03-30T12:20:09.454-0600][gc,task     ] GC(5) Using 1 workers of 1 for marking
[2025-03-30T12:20:09.468-0600][gc,marking  ] GC(5) Concurrent Mark From Roots 13.439ms
[2025-03-30T12:20:09.468-0600][gc,marking  ] GC(5) Concurrent Preclean
[2025-03-30T12:20:09.468-0600][gc,marking  ] GC(5) Concurrent Preclean 0.381ms
[2025-03-30T12:20:09.469-0600][gc,start    ] GC(5) Pause Remark
[2025-03-30T12:20:09.472-0600][gc          ] GC(5) Pause Remark 144M->144M(1024M) 3.633ms
[2025-03-30T12:20:09.473-0600][gc,cpu      ] GC(5) User=0.00s Sys=0.00s Real=0.00s
[2025-03-30T12:20:09.473-0600][gc,marking  ] GC(5) Concurrent Mark 18.935ms
[2025-03-30T12:20:09.473-0600][gc,marking  ] GC(5) Concurrent Rebuild Remembered Sets
[2025-03-30T12:20:09.506-0600][gc,marking  ] GC(5) Concurrent Rebuild Remembered Sets 32.767ms
[2025-03-30T12:20:09.508-0600][gc,start    ] GC(5) Pause Cleanup
[2025-03-30T12:20:09.508-0600][gc          ] GC(5) Pause Cleanup 145M->145M(1024M) 0.402ms
[2025-03-30T12:20:09.508-0600][gc,cpu      ] GC(5) User=0.00s Sys=0.00s Real=0.00s
[2025-03-30T12:20:09.511-0600][gc,marking  ] GC(5) Concurrent Cleanup for Next Mark
[2025-03-30T12:20:09.538-0600][gc,marking  ] GC(5) Concurrent Cleanup for Next Mark 27.471ms
[2025-03-30T12:20:09.538-0600][gc          ] GC(5) Concurrent Mark Cycle 91.121ms
[2025-03-30T12:32:59.928-0600][gc,start    ] GC(6) Pause Young (Normal) (G1 Evacuation Pause)
[2025-03-30T12:32:59.928-0600][gc,task     ] GC(6) Using 2 workers of 2 for evacuation
[2025-03-30T12:32:59.951-0600][gc,mmu      ] GC(6) MMU target violated: 21.0ms (20.0ms/21.0ms)
[2025-03-30T12:32:59.951-0600][gc,phases   ] GC(6)   Pre Evacuate Collection Set: 0.7ms
[2025-03-30T12:32:59.951-0600][gc,phases   ] GC(6)   Merge Heap Roots: 0.1ms
[2025-03-30T12:32:59.951-0600][gc,phases   ] GC(6)   Evacuate Collection Set: 19.6ms
[2025-03-30T12:32:59.951-0600][gc,phases   ] GC(6)   Post Evacuate Collection Set: 2.3ms
[2025-03-30T12:32:59.951-0600][gc,phases   ] GC(6)   Other: 0.7ms
[2025-03-30T12:32:59.951-0600][gc,heap     ] GC(6) Eden regions: 50->0(47)
[2025-03-30T12:32:59.951-0600][gc,heap     ] GC(6) Survivor regions: 1->4(7)
[2025-03-30T12:32:59.951-0600][gc,heap     ] GC(6) Old regions: 14->14
[2025-03-30T12:32:59.951-0600][gc,heap     ] GC(6) Archive regions: 2->2
[2025-03-30T12:32:59.951-0600][gc,heap     ] GC(6) Humongous regions: 129->129
[2025-03-30T12:32:59.951-0600][gc,metaspace] GC(6) Metaspace: 41018K(41536K)->41018K(41536K) NonClass: 35913K(36224K)->35913K(36224K) Class: 5105K(5312K)->5105K(5312K)
[2025-03-30T12:32:59.951-0600][gc          ] GC(6) Pause Young (Normal) (G1 Evacuation Pause) 194M->147M(1024M) 23.558ms
[2025-03-30T12:32:59.951-0600][gc,cpu      ] GC(6) User=0.03s Sys=0.00s Real=0.03s
[2025-03-30T12:35:12.420-0600][gc,start    ] GC(7) Pause Young (Normal) (G1 Evacuation Pause)
[2025-03-30T12:35:12.421-0600][gc,task     ] GC(7) Using 2 workers of 2 for evacuation
[2025-03-30T12:35:12.452-0600][gc,mmu      ] GC(7) MMU target violated: 21.0ms (20.0ms/21.0ms)
[2025-03-30T12:35:12.454-0600][gc,phases   ] GC(7)   Pre Evacuate Collection Set: 0.7ms
[2025-03-30T12:35:12.454-0600][gc,phases   ] GC(7)   Merge Heap Roots: 0.1ms
[2025-03-30T12:35:12.454-0600][gc,phases   ] GC(7)   Evacuate Collection Set: 28.1ms
[2025-03-30T12:35:12.454-0600][gc,phases   ] GC(7)   Post Evacuate Collection Set: 1.4ms
[2025-03-30T12:35:12.454-0600][gc,phases   ] GC(7)   Other: 3.1ms
[2025-03-30T12:35:12.454-0600][gc,heap     ] GC(7) Eden regions: 47->0(46)
[2025-03-30T12:35:12.454-0600][gc,heap     ] GC(7) Survivor regions: 4->5(7)
[2025-03-30T12:35:12.454-0600][gc,heap     ] GC(7) Old regions: 14->15
[2025-03-30T12:35:12.454-0600][gc,heap     ] GC(7) Archive regions: 2->2
[2025-03-30T12:35:12.454-0600][gc,heap     ] GC(7) Humongous regions: 129->129
[2025-03-30T12:35:12.454-0600][gc,metaspace] GC(7) Metaspace: 41560K(42048K)->41560K(42048K) NonClass: 36445K(36736K)->36445K(36736K) Class: 5115K(5312K)->5115K(5312K)
[2025-03-30T12:35:12.454-0600][gc          ] GC(7) Pause Young (Normal) (G1 Evacuation Pause) 194M->148M(1024M) 33.616ms
[2025-03-30T12:35:12.454-0600][gc,cpu      ] GC(7) User=0.03s Sys=0.00s Real=0.03s
[2025-03-30T12:35:28.555-0600][gc,start    ] GC(8) Pause Young (Normal) (G1 Evacuation Pause)
[2025-03-30T12:35:28.555-0600][gc,task     ] GC(8) Using 2 workers of 2 for evacuation
[2025-03-30T12:35:28.594-0600][gc,mmu      ] GC(8) MMU target violated: 21.0ms (20.0ms/21.0ms)
[2025-03-30T12:35:28.594-0600][gc,phases   ] GC(8)   Pre Evacuate Collection Set: 0.6ms
[2025-03-30T12:35:28.594-0600][gc,phases   ] GC(8)   Merge Heap Roots: 0.2ms
[2025-03-30T12:35:28.594-0600][gc,phases   ] GC(8)   Evacuate Collection Set: 37.4ms
[2025-03-30T12:35:28.594-0600][gc,phases   ] GC(8)   Post Evacuate Collection Set: 1.1ms
[2025-03-30T12:35:28.594-0600][gc,phases   ] GC(8)   Other: 0.4ms
[2025-03-30T12:35:28.594-0600][gc,heap     ] GC(8) Eden regions: 46->0(48)
[2025-03-30T12:35:28.594-0600][gc,heap     ] GC(8) Survivor regions: 5->3(7)
[2025-03-30T12:35:28.594-0600][gc,heap     ] GC(8) Old regions: 15->17
[2025-03-30T12:35:28.594-0600][gc,heap     ] GC(8) Archive regions: 2->2
[2025-03-30T12:35:28.594-0600][gc,heap     ] GC(8) Humongous regions: 129->129
[2025-03-30T12:35:28.594-0600][gc,metaspace] GC(8) Metaspace: 41587K(42048K)->41587K(42048K) NonClass: 36471K(36736K)->36471K(36736K) Class: 5115K(5312K)->5115K(5312K)
[2025-03-30T12:35:28.595-0600][gc          ] GC(8) Pause Young (Normal) (G1 Evacuation Pause) 194M->148M(1024M) 39.799ms
[2025-03-30T12:35:28.595-0600][gc,cpu      ] GC(8) User=0.03s Sys=0.01s Real=0.04s
[2025-03-30T12:35:45.977-0600][gc,start    ] GC(9) Pause Young (Normal) (G1 Evacuation Pause)
[2025-03-30T12:35:45.977-0600][gc,task     ] GC(9) Using 2 workers of 2 for evacuation
[2025-03-30T12:35:46.016-0600][gc,mmu      ] GC(9) MMU target violated: 21.0ms (20.0ms/21.0ms)
[2025-03-30T12:35:46.016-0600][gc,phases   ] GC(9)   Pre Evacuate Collection Set: 1.6ms
[2025-03-30T12:35:46.016-0600][gc,phases   ] GC(9)   Merge Heap Roots: 0.1ms
[2025-03-30T12:35:46.016-0600][gc,phases   ] GC(9)   Evacuate Collection Set: 34.2ms
[2025-03-30T12:35:46.016-0600][gc,phases   ] GC(9)   Post Evacuate Collection Set: 2.2ms
[2025-03-30T12:35:46.016-0600][gc,phases   ] GC(9)   Other: 0.9ms
[2025-03-30T12:35:46.016-0600][gc,heap     ] GC(9) Eden regions: 48->0(48)
[2025-03-30T12:35:46.016-0600][gc,heap     ] GC(9) Survivor regions: 3->3(7)
[2025-03-30T12:35:46.016-0600][gc,heap     ] GC(9) Old regions: 17->17
[2025-03-30T12:35:46.016-0600][gc,heap     ] GC(9) Archive regions: 2->2
[2025-03-30T12:35:46.016-0600][gc,heap     ] GC(9) Humongous regions: 129->129
[2025-03-30T12:35:46.016-0600][gc,metaspace] GC(9) Metaspace: 41587K(42048K)->41587K(42048K) NonClass: 36472K(36736K)->36472K(36736K) Class: 5115K(5312K)->5115K(5312K)
[2025-03-30T12:35:46.016-0600][gc          ] GC(9) Pause Young (Normal) (G1 Evacuation Pause) 196M->149M(1024M) 39.236ms
[2025-03-30T12:35:46.016-0600][gc,cpu      ] GC(9) User=0.02s Sys=0.00s Real=0.04s
[2025-03-30T12:36:03.539-0600][gc,start    ] GC(10) Pause Young (Normal) (G1 Evacuation Pause)
[2025-03-30T12:36:03.539-0600][gc,task     ] GC(10) Using 2 workers of 2 for evacuation
[2025-03-30T12:36:03.572-0600][gc,mmu      ] GC(10) MMU target violated: 21.0ms (20.0ms/21.0ms)
[2025-03-30T12:36:03.572-0600][gc,phases   ] GC(10)   Pre Evacuate Collection Set: 2.8ms
[2025-03-30T12:36:03.572-0600][gc,phases   ] GC(10)   Merge Heap Roots: 0.9ms
[2025-03-30T12:36:03.572-0600][gc,phases   ] GC(10)   Evacuate Collection Set: 26.8ms
[2025-03-30T12:36:03.572-0600][gc,phases   ] GC(10)   Post Evacuate Collection Set: 1.7ms
[2025-03-30T12:36:03.572-0600][gc,phases   ] GC(10)   Other: 0.7ms
[2025-03-30T12:36:03.573-0600][gc,heap     ] GC(10) Eden regions: 48->0(47)
[2025-03-30T12:36:03.573-0600][gc,heap     ] GC(10) Survivor regions: 3->4(7)
[2025-03-30T12:36:03.573-0600][gc,heap     ] GC(10) Old regions: 17->17
[2025-03-30T12:36:03.573-0600][gc,heap     ] GC(10) Archive regions: 2->2
[2025-03-30T12:36:03.573-0600][gc,heap     ] GC(10) Humongous regions: 129->129
[2025-03-30T12:36:03.574-0600][gc,metaspace] GC(10) Metaspace: 41589K(42048K)->41589K(42048K) NonClass: 36473K(36736K)->36473K(36736K) Class: 5115K(5312K)->5115K(5312K)
[2025-03-30T12:36:03.574-0600][gc          ] GC(10) Pause Young (Normal) (G1 Evacuation Pause) 197M->149M(1024M) 34.419ms
[2025-03-30T12:36:03.574-0600][gc,cpu      ] GC(10) User=0.01s Sys=0.01s Real=0.03s
[2025-03-30T12:36:20.169-0600][gc,start    ] GC(11) Pause Young (Normal) (G1 Evacuation Pause)
[2025-03-30T12:36:20.169-0600][gc,task     ] GC(11) Using 2 workers of 2 for evacuation
[2025-03-30T12:36:20.204-0600][gc,mmu      ] GC(11) MMU target violated: 21.0ms (20.0ms/21.0ms)
[2025-03-30T12:36:20.205-0600][gc,phases   ] GC(11)   Pre Evacuate Collection Set: 1.7ms
[2025-03-30T12:36:20.205-0600][gc,phases   ] GC(11)   Merge Heap Roots: 0.2ms
[2025-03-30T12:36:20.205-0600][gc,phases   ] GC(11)   Evacuate Collection Set: 30.4ms
[2025-03-30T12:36:20.205-0600][gc,phases   ] GC(11)   Post Evacuate Collection Set: 2.7ms
[2025-03-30T12:36:20.205-0600][gc,phases   ] GC(11)   Other: 0.6ms
[2025-03-30T12:36:20.205-0600][gc,heap     ] GC(11) Eden regions: 47->0(47)
[2025-03-30T12:36:20.205-0600][gc,heap     ] GC(11) Survivor regions: 4->4(7)
[2025-03-30T12:36:20.205-0600][gc,heap     ] GC(11) Old regions: 17->18
[2025-03-30T12:36:20.205-0600][gc,heap     ] GC(11) Archive regions: 2->2
[2025-03-30T12:36:20.205-0600][gc,heap     ] GC(11) Humongous regions: 129->129
[2025-03-30T12:36:20.205-0600][gc,metaspace] GC(11) Metaspace: 41590K(42048K)->41590K(42048K) NonClass: 36475K(36736K)->36475K(36736K) Class: 5115K(5312K)->5115K(5312K)
[2025-03-30T12:36:20.205-0600][gc          ] GC(11) Pause Young (Normal) (G1 Evacuation Pause) 196M->150M(1024M) 35.718ms
[2025-03-30T12:36:20.205-0600][gc,cpu      ] GC(11) User=0.03s Sys=0.00s Real=0.03s
[2025-03-30T12:36:34.962-0600][gc,start    ] GC(12) Pause Young (Normal) (G1 Evacuation Pause)
[2025-03-30T12:36:34.962-0600][gc,task     ] GC(12) Using 2 workers of 2 for evacuation
[2025-03-30T12:36:34.987-0600][gc,mmu      ] GC(12) MMU target violated: 21.0ms (20.0ms/21.0ms)
[2025-03-30T12:36:34.987-0600][gc,phases   ] GC(12)   Pre Evacuate Collection Set: 0.3ms
[2025-03-30T12:36:34.987-0600][gc,phases   ] GC(12)   Merge Heap Roots: 0.1ms
[2025-03-30T12:36:34.987-0600][gc,phases   ] GC(12)   Evacuate Collection Set: 23.4ms
[2025-03-30T12:36:34.987-0600][gc,phases   ] GC(12)   Post Evacuate Collection Set: 1.3ms
[2025-03-30T12:36:34.987-0600][gc,phases   ] GC(12)   Other: 0.5ms
[2025-03-30T12:36:34.987-0600][gc,heap     ] GC(12) Eden regions: 47->0(46)
[2025-03-30T12:36:34.987-0600][gc,heap     ] GC(12) Survivor regions: 4->5(7)
[2025-03-30T12:36:34.987-0600][gc,heap     ] GC(12) Old regions: 18->18
[2025-03-30T12:36:34.987-0600][gc,heap     ] GC(12) Archive regions: 2->2
[2025-03-30T12:36:34.987-0600][gc,heap     ] GC(12) Humongous regions: 129->129
[2025-03-30T12:36:34.987-0600][gc,metaspace] GC(12) Metaspace: 41591K(42048K)->41591K(42048K) NonClass: 36475K(36736K)->36475K(36736K) Class: 5115K(5312K)->5115K(5312K)
[2025-03-30T12:36:34.987-0600][gc          ] GC(12) Pause Young (Normal) (G1 Evacuation Pause) 197M->151M(1024M) 25.757ms
[2025-03-30T12:36:34.988-0600][gc,cpu      ] GC(12) User=0.02s Sys=0.00s Real=0.02s
[2025-03-30T12:36:51.345-0600][gc,start    ] GC(13) Pause Young (Normal) (G1 Evacuation Pause)
[2025-03-30T12:36:51.346-0600][gc,task     ] GC(13) Using 2 workers of 2 for evacuation
[2025-03-30T12:36:51.382-0600][gc,mmu      ] GC(13) MMU target violated: 21.0ms (20.0ms/21.0ms)
[2025-03-30T12:36:51.382-0600][gc,phases   ] GC(13)   Pre Evacuate Collection Set: 1.3ms
[2025-03-30T12:36:51.382-0600][gc,phases   ] GC(13)   Merge Heap Roots: 0.2ms
[2025-03-30T12:36:51.382-0600][gc,phases   ] GC(13)   Evacuate Collection Set: 34.0ms
[2025-03-30T12:36:51.382-0600][gc,phases   ] GC(13)   Post Evacuate Collection Set: 0.9ms
[2025-03-30T12:36:51.382-0600][gc,phases   ] GC(13)   Other: 0.4ms
[2025-03-30T12:36:51.382-0600][gc,heap     ] GC(13) Eden regions: 46->0(47)
[2025-03-30T12:36:51.382-0600][gc,heap     ] GC(13) Survivor regions: 5->4(7)
[2025-03-30T12:36:51.382-0600][gc,heap     ] GC(13) Old regions: 18->19
[2025-03-30T12:36:51.382-0600][gc,heap     ] GC(13) Archive regions: 2->2
[2025-03-30T12:36:51.382-0600][gc,heap     ] GC(13) Humongous regions: 129->129
[2025-03-30T12:36:51.382-0600][gc,metaspace] GC(13) Metaspace: 41591K(42048K)->41591K(42048K) NonClass: 36475K(36736K)->36475K(36736K) Class: 5115K(5312K)->5115K(5312K)
[2025-03-30T12:36:51.382-0600][gc          ] GC(13) Pause Young (Normal) (G1 Evacuation Pause) 197M->152M(1024M) 36.993ms
[2025-03-30T12:36:51.382-0600][gc,cpu      ] GC(13) User=0.03s Sys=0.01s Real=0.04s
[2025-03-30T12:37:07.164-0600][gc,start    ] GC(14) Pause Young (Normal) (G1 Evacuation Pause)
[2025-03-30T12:37:07.164-0600][gc,task     ] GC(14) Using 2 workers of 2 for evacuation
[2025-03-30T12:37:07.192-0600][gc,mmu      ] GC(14) MMU target violated: 21.0ms (20.0ms/21.0ms)
[2025-03-30T12:37:07.192-0600][gc,phases   ] GC(14)   Pre Evacuate Collection Set: 0.3ms
[2025-03-30T12:37:07.192-0600][gc,phases   ] GC(14)   Merge Heap Roots: 0.2ms
[2025-03-30T12:37:07.192-0600][gc,phases   ] GC(14)   Evacuate Collection Set: 26.1ms
[2025-03-30T12:37:07.192-0600][gc,phases   ] GC(14)   Post Evacuate Collection Set: 1.2ms
[2025-03-30T12:37:07.192-0600][gc,phases   ] GC(14)   Other: 0.4ms
[2025-03-30T12:37:07.192-0600][gc,heap     ] GC(14) Eden regions: 47->0(47)
[2025-03-30T12:37:07.192-0600][gc,heap     ] GC(14) Survivor regions: 4->4(7)
[2025-03-30T12:37:07.192-0600][gc,heap     ] GC(14) Old regions: 19->20
[2025-03-30T12:37:07.192-0600][gc,heap     ] GC(14) Archive regions: 2->2
[2025-03-30T12:37:07.192-0600][gc,heap     ] GC(14) Humongous regions: 129->129
[2025-03-30T12:37:07.192-0600][gc,metaspace] GC(14) Metaspace: 41595K(42048K)->41595K(42048K) NonClass: 36479K(36736K)->36479K(36736K) Class: 5116K(5312K)->5116K(5312K)
[2025-03-30T12:37:07.192-0600][gc          ] GC(14) Pause Young (Normal) (G1 Evacuation Pause) 199M->153M(1024M) 28.336ms
[2025-03-30T12:37:07.192-0600][gc,cpu      ] GC(14) User=0.02s Sys=0.00s Real=0.03s
[2025-03-30T12:37:23.076-0600][gc,start    ] GC(15) Pause Young (Normal) (G1 Evacuation Pause)
[2025-03-30T12:37:23.077-0600][gc,task     ] GC(15) Using 2 workers of 2 for evacuation
[2025-03-30T12:37:23.106-0600][gc,mmu      ] GC(15) MMU target violated: 21.0ms (20.0ms/21.0ms)
[2025-03-30T12:37:23.106-0600][gc,phases   ] GC(15)   Pre Evacuate Collection Set: 0.8ms
[2025-03-30T12:37:23.106-0600][gc,phases   ] GC(15)   Merge Heap Roots: 1.5ms
[2025-03-30T12:37:23.106-0600][gc,phases   ] GC(15)   Evacuate Collection Set: 25.2ms
[2025-03-30T12:37:23.106-0600][gc,phases   ] GC(15)   Post Evacuate Collection Set: 1.1ms
[2025-03-30T12:37:23.106-0600][gc,phases   ] GC(15)   Other: 1.3ms
[2025-03-30T12:37:23.106-0600][gc,heap     ] GC(15) Eden regions: 47->0(46)
[2025-03-30T12:37:23.106-0600][gc,heap     ] GC(15) Survivor regions: 4->5(7)
[2025-03-30T12:37:23.106-0600][gc,heap     ] GC(15) Old regions: 20->20
[2025-03-30T12:37:23.106-0600][gc,heap     ] GC(15) Archive regions: 2->2
[2025-03-30T12:37:23.106-0600][gc,heap     ] GC(15) Humongous regions: 129->129
[2025-03-30T12:37:23.106-0600][gc,metaspace] GC(15) Metaspace: 41607K(42112K)->41607K(42112K) NonClass: 36491K(36800K)->36491K(36800K) Class: 5116K(5312K)->5116K(5312K)
[2025-03-30T12:37:23.106-0600][gc          ] GC(15) Pause Young (Normal) (G1 Evacuation Pause) 200M->154M(1024M) 30.015ms
[2025-03-30T12:37:23.106-0600][gc,cpu      ] GC(15) User=0.02s Sys=0.01s Real=0.03s
[2025-03-30T12:37:38.776-0600][gc,start    ] GC(16) Pause Young (Normal) (G1 Evacuation Pause)
[2025-03-30T12:37:38.776-0600][gc,task     ] GC(16) Using 2 workers of 2 for evacuation
[2025-03-30T12:37:38.819-0600][gc,mmu      ] GC(16) MMU target violated: 21.0ms (20.0ms/21.0ms)
[2025-03-30T12:37:38.820-0600][gc,phases   ] GC(16)   Pre Evacuate Collection Set: 1.5ms
[2025-03-30T12:37:38.820-0600][gc,phases   ] GC(16)   Merge Heap Roots: 0.2ms
[2025-03-30T12:37:38.820-0600][gc,phases   ] GC(16)   Evacuate Collection Set: 40.0ms
[2025-03-30T12:37:38.820-0600][gc,phases   ] GC(16)   Post Evacuate Collection Set: 1.0ms
[2025-03-30T12:37:38.820-0600][gc,phases   ] GC(16)   Other: 1.2ms
[2025-03-30T12:37:38.820-0600][gc,heap     ] GC(16) Eden regions: 46->0(47)
[2025-03-30T12:37:38.820-0600][gc,heap     ] GC(16) Survivor regions: 5->4(7)
[2025-03-30T12:37:38.820-0600][gc,heap     ] GC(16) Old regions: 20->21
[2025-03-30T12:37:38.820-0600][gc,heap     ] GC(16) Archive regions: 2->2
[2025-03-30T12:37:38.820-0600][gc,heap     ] GC(16) Humongous regions: 129->129
[2025-03-30T12:37:38.820-0600][gc,metaspace] GC(16) Metaspace: 41609K(42112K)->41609K(42112K) NonClass: 36493K(36800K)->36493K(36800K) Class: 5116K(5312K)->5116K(5312K)
[2025-03-30T12:37:38.820-0600][gc          ] GC(16) Pause Young (Normal) (G1 Evacuation Pause) 200M->154M(1024M) 44.093ms
[2025-03-30T12:37:38.820-0600][gc,cpu      ] GC(16) User=0.03s Sys=0.00s Real=0.05s
[2025-03-30T12:37:54.424-0600][gc,start    ] GC(17) Pause Young (Normal) (G1 Evacuation Pause)
[2025-03-30T12:37:54.424-0600][gc,task     ] GC(17) Using 2 workers of 2 for evacuation
[2025-03-30T12:37:54.465-0600][gc,mmu      ] GC(17) MMU target violated: 21.0ms (20.0ms/21.0ms)
[2025-03-30T12:37:54.466-0600][gc,phases   ] GC(17)   Pre Evacuate Collection Set: 0.6ms
[2025-03-30T12:37:54.466-0600][gc,phases   ] GC(17)   Merge Heap Roots: 0.2ms
[2025-03-30T12:37:54.466-0600][gc,phases   ] GC(17)   Evacuate Collection Set: 39.7ms
[2025-03-30T12:37:54.466-0600][gc,phases   ] GC(17)   Post Evacuate Collection Set: 1.0ms
[2025-03-30T12:37:54.466-0600][gc,phases   ] GC(17)   Other: 0.6ms
[2025-03-30T12:37:54.466-0600][gc,heap     ] GC(17) Eden regions: 47->0(47)
[2025-03-30T12:37:54.466-0600][gc,heap     ] GC(17) Survivor regions: 4->4(7)
[2025-03-30T12:37:54.466-0600][gc,heap     ] GC(17) Old regions: 21->22
[2025-03-30T12:37:54.466-0600][gc,heap     ] GC(17) Archive regions: 2->2
[2025-03-30T12:37:54.466-0600][gc,heap     ] GC(17) Humongous regions: 129->129
[2025-03-30T12:37:54.466-0600][gc,metaspace] GC(17) Metaspace: 41621K(42112K)->41621K(42112K) NonClass: 36505K(36800K)->36505K(36800K) Class: 5116K(5312K)->5116K(5312K)
[2025-03-30T12:37:54.466-0600][gc          ] GC(17) Pause Young (Normal) (G1 Evacuation Pause) 201M->155M(1024M) 42.727ms
[2025-03-30T12:37:54.466-0600][gc,cpu      ] GC(17) User=0.02s Sys=0.01s Real=0.04s
[2025-03-30T12:38:09.185-0600][gc,start    ] GC(18) Pause Young (Normal) (G1 Evacuation Pause)
[2025-03-30T12:38:09.185-0600][gc,task     ] GC(18) Using 2 workers of 2 for evacuation
[2025-03-30T12:38:09.211-0600][gc,mmu      ] GC(18) MMU target violated: 21.0ms (20.0ms/21.0ms)
[2025-03-30T12:38:09.212-0600][gc,phases   ] GC(18)   Pre Evacuate Collection Set: 1.1ms
[2025-03-30T12:38:09.212-0600][gc,phases   ] GC(18)   Merge Heap Roots: 0.3ms
[2025-03-30T12:38:09.212-0600][gc,phases   ] GC(18)   Evacuate Collection Set: 23.1ms
[2025-03-30T12:38:09.212-0600][gc,phases   ] GC(18)   Post Evacuate Collection Set: 1.1ms
[2025-03-30T12:38:09.212-0600][gc,phases   ] GC(18)   Other: 1.3ms
[2025-03-30T12:38:09.213-0600][gc,heap     ] GC(18) Eden regions: 47->0(47)
[2025-03-30T12:38:09.213-0600][gc,heap     ] GC(18) Survivor regions: 4->4(7)
[2025-03-30T12:38:09.213-0600][gc,heap     ] GC(18) Old regions: 22->23
[2025-03-30T12:38:09.213-0600][gc,heap     ] GC(18) Archive regions: 2->2
[2025-03-30T12:38:09.213-0600][gc,heap     ] GC(18) Humongous regions: 129->129
[2025-03-30T12:38:09.213-0600][gc,metaspace] GC(18) Metaspace: 41622K(42112K)->41622K(42112K) NonClass: 36506K(36800K)->36506K(36800K) Class: 5116K(5312K)->5116K(5312K)
[2025-03-30T12:38:09.213-0600][gc          ] GC(18) Pause Young (Normal) (G1 Evacuation Pause) 202M->156M(1024M) 28.402ms
[2025-03-30T12:38:09.213-0600][gc,cpu      ] GC(18) User=0.03s Sys=0.00s Real=0.03s
[2025-03-30T12:38:25.057-0600][gc,start    ] GC(19) Pause Young (Normal) (G1 Evacuation Pause)
[2025-03-30T12:38:25.057-0600][gc,task     ] GC(19) Using 2 workers of 2 for evacuation
[2025-03-30T12:38:25.095-0600][gc,mmu      ] GC(19) MMU target violated: 21.0ms (20.0ms/21.0ms)
[2025-03-30T12:38:25.095-0600][gc,phases   ] GC(19)   Pre Evacuate Collection Set: 0.7ms
[2025-03-30T12:38:25.095-0600][gc,phases   ] GC(19)   Merge Heap Roots: 0.2ms
[2025-03-30T12:38:25.095-0600][gc,phases   ] GC(19)   Evacuate Collection Set: 35.7ms
[2025-03-30T12:38:25.095-0600][gc,phases   ] GC(19)   Post Evacuate Collection Set: 1.1ms
[2025-03-30T12:38:25.095-0600][gc,phases   ] GC(19)   Other: 0.7ms
[2025-03-30T12:38:25.095-0600][gc,heap     ] GC(19) Eden regions: 47->0(46)
[2025-03-30T12:38:25.095-0600][gc,heap     ] GC(19) Survivor regions: 4->5(7)
[2025-03-30T12:38:25.095-0600][gc,heap     ] GC(19) Old regions: 23->23
[2025-03-30T12:38:25.095-0600][gc,heap     ] GC(19) Archive regions: 2->2
[2025-03-30T12:38:25.096-0600][gc,heap     ] GC(19) Humongous regions: 129->129
[2025-03-30T12:38:25.096-0600][gc,metaspace] GC(19) Metaspace: 41626K(42112K)->41626K(42112K) NonClass: 36510K(36800K)->36510K(36800K) Class: 5116K(5312K)->5116K(5312K)
[2025-03-30T12:38:25.096-0600][gc          ] GC(19) Pause Young (Normal) (G1 Evacuation Pause) 203M->156M(1024M) 38.941ms
[2025-03-30T12:38:25.096-0600][gc,cpu      ] GC(19) User=0.02s Sys=0.01s Real=0.04s
[2025-03-30T12:38:41.616-0600][gc,start    ] GC(20) Pause Young (Normal) (G1 Evacuation Pause)
[2025-03-30T12:38:41.616-0600][gc,task     ] GC(20) Using 2 workers of 2 for evacuation
[2025-03-30T12:38:41.653-0600][gc,mmu      ] GC(20) MMU target violated: 21.0ms (20.0ms/21.0ms)
[2025-03-30T12:38:41.653-0600][gc,phases   ] GC(20)   Pre Evacuate Collection Set: 1.0ms
[2025-03-30T12:38:41.653-0600][gc,phases   ] GC(20)   Merge Heap Roots: 0.2ms
[2025-03-30T12:38:41.653-0600][gc,phases   ] GC(20)   Evacuate Collection Set: 34.0ms
[2025-03-30T12:38:41.653-0600][gc,phases   ] GC(20)   Post Evacuate Collection Set: 1.2ms
[2025-03-30T12:38:41.653-0600][gc,phases   ] GC(20)   Other: 0.7ms
[2025-03-30T12:38:41.653-0600][gc,heap     ] GC(20) Eden regions: 46->0(47)
[2025-03-30T12:38:41.653-0600][gc,heap     ] GC(20) Survivor regions: 5->4(7)
[2025-03-30T12:38:41.653-0600][gc,heap     ] GC(20) Old regions: 23->24
[2025-03-30T12:38:41.653-0600][gc,heap     ] GC(20) Archive regions: 2->2
[2025-03-30T12:38:41.653-0600][gc,heap     ] GC(20) Humongous regions: 129->129
[2025-03-30T12:38:41.653-0600][gc,metaspace] GC(20) Metaspace: 41632K(42112K)->41632K(42112K) NonClass: 36516K(36800K)->36516K(36800K) Class: 5116K(5312K)->5116K(5312K)
[2025-03-30T12:38:41.653-0600][gc          ] GC(20) Pause Young (Normal) (G1 Evacuation Pause) 202M->157M(1024M) 37.359ms
[2025-03-30T12:38:41.653-0600][gc,cpu      ] GC(20) User=0.03s Sys=0.00s Real=0.04s
[2025-03-30T12:38:57.091-0600][gc,start    ] GC(21) Pause Young (Normal) (G1 Evacuation Pause)
[2025-03-30T12:38:57.091-0600][gc,task     ] GC(21) Using 2 workers of 2 for evacuation
[2025-03-30T12:38:57.128-0600][gc,mmu      ] GC(21) MMU target violated: 21.0ms (20.0ms/21.0ms)
[2025-03-30T12:38:57.129-0600][gc,phases   ] GC(21)   Pre Evacuate Collection Set: 1.0ms
[2025-03-30T12:38:57.129-0600][gc,phases   ] GC(21)   Merge Heap Roots: 0.6ms
[2025-03-30T12:38:57.129-0600][gc,phases   ] GC(21)   Evacuate Collection Set: 34.2ms
[2025-03-30T12:38:57.129-0600][gc,phases   ] GC(21)   Post Evacuate Collection Set: 1.2ms
[2025-03-30T12:38:57.129-0600][gc,phases   ] GC(21)   Other: 0.7ms
[2025-03-30T12:38:57.129-0600][gc,heap     ] GC(21) Eden regions: 47->0(47)
[2025-03-30T12:38:57.129-0600][gc,heap     ] GC(21) Survivor regions: 4->4(7)
[2025-03-30T12:38:57.129-0600][gc,heap     ] GC(21) Old regions: 24->24
[2025-03-30T12:38:57.129-0600][gc,heap     ] GC(21) Archive regions: 2->2
[2025-03-30T12:38:57.129-0600][gc,heap     ] GC(21) Humongous regions: 129->129
[2025-03-30T12:38:57.129-0600][gc,metaspace] GC(21) Metaspace: 41637K(42112K)->41637K(42112K) NonClass: 36521K(36800K)->36521K(36800K) Class: 5116K(5312K)->5116K(5312K)
[2025-03-30T12:38:57.129-0600][gc          ] GC(21) Pause Young (Normal) (G1 Evacuation Pause) 204M->157M(1024M) 37.837ms
[2025-03-30T12:38:57.129-0600][gc,cpu      ] GC(21) User=0.03s Sys=0.00s Real=0.04s
[2025-03-30T12:39:11.396-0600][gc,start    ] GC(22) Pause Young (Normal) (G1 Evacuation Pause)
[2025-03-30T12:39:11.397-0600][gc,task     ] GC(22) Using 2 workers of 2 for evacuation
[2025-03-30T12:39:11.429-0600][gc,mmu      ] GC(22) MMU target violated: 21.0ms (20.0ms/21.0ms)
[2025-03-30T12:39:11.429-0600][gc,phases   ] GC(22)   Pre Evacuate Collection Set: 0.6ms
[2025-03-30T12:39:11.429-0600][gc,phases   ] GC(22)   Merge Heap Roots: 0.7ms
[2025-03-30T12:39:11.429-0600][gc,phases   ] GC(22)   Evacuate Collection Set: 29.9ms
[2025-03-30T12:39:11.429-0600][gc,phases   ] GC(22)   Post Evacuate Collection Set: 0.8ms
[2025-03-30T12:39:11.429-0600][gc,phases   ] GC(22)   Other: 0.7ms
[2025-03-30T12:39:11.429-0600][gc,heap     ] GC(22) Eden regions: 47->0(47)
[2025-03-30T12:39:11.429-0600][gc,heap     ] GC(22) Survivor regions: 4->4(7)
[2025-03-30T12:39:11.429-0600][gc,heap     ] GC(22) Old regions: 24->25
[2025-03-30T12:39:11.429-0600][gc,heap     ] GC(22) Archive regions: 2->2
[2025-03-30T12:39:11.429-0600][gc,heap     ] GC(22) Humongous regions: 129->129
[2025-03-30T12:39:11.429-0600][gc,metaspace] GC(22) Metaspace: 41640K(42112K)->41640K(42112K) NonClass: 36524K(36800K)->36524K(36800K) Class: 5116K(5312K)->5116K(5312K)
[2025-03-30T12:39:11.429-0600][gc          ] GC(22) Pause Young (Normal) (G1 Evacuation Pause) 204M->158M(1024M) 32.840ms
[2025-03-30T12:39:11.429-0600][gc,cpu      ] GC(22) User=0.03s Sys=0.01s Real=0.04s
[2025-03-30T12:45:48.748-0600][gc,start    ] GC(23) Pause Young (Normal) (G1 Evacuation Pause)
[2025-03-30T12:45:48.748-0600][gc,task     ] GC(23) Using 2 workers of 2 for evacuation
[2025-03-30T12:45:48.774-0600][gc,mmu      ] GC(23) MMU target violated: 21.0ms (20.0ms/21.0ms)
[2025-03-30T12:45:48.774-0600][gc,phases   ] GC(23)   Pre Evacuate Collection Set: 0.7ms
[2025-03-30T12:45:48.774-0600][gc,phases   ] GC(23)   Merge Heap Roots: 0.3ms
[2025-03-30T12:45:48.774-0600][gc,phases   ] GC(23)   Evacuate Collection Set: 24.1ms
[2025-03-30T12:45:48.774-0600][gc,phases   ] GC(23)   Post Evacuate Collection Set: 0.7ms
[2025-03-30T12:45:48.774-0600][gc,phases   ] GC(23)   Other: 0.5ms
[2025-03-30T12:45:48.774-0600][gc,heap     ] GC(23) Eden regions: 47->0(45)
[2025-03-30T12:45:48.774-0600][gc,heap     ] GC(23) Survivor regions: 4->6(7)
[2025-03-30T12:45:48.774-0600][gc,heap     ] GC(23) Old regions: 25->26
[2025-03-30T12:45:48.774-0600][gc,heap     ] GC(23) Archive regions: 2->2
[2025-03-30T12:45:48.774-0600][gc,heap     ] GC(23) Humongous regions: 129->129
[2025-03-30T12:45:48.774-0600][gc,metaspace] GC(23) Metaspace: 41722K(42240K)->41722K(42240K) NonClass: 36606K(36928K)->36606K(36928K) Class: 5116K(5312K)->5116K(5312K)
[2025-03-30T12:45:48.774-0600][gc          ] GC(23) Pause Young (Normal) (G1 Evacuation Pause) 205M->161M(1024M) 26.312ms
[2025-03-30T12:45:48.774-0600][gc,cpu      ] GC(23) User=0.04s Sys=0.01s Real=0.03s
[2025-03-30T12:56:19.355-0600][gc,start    ] GC(24) Pause Young (Normal) (G1 Evacuation Pause)
[2025-03-30T12:56:19.355-0600][gc,task     ] GC(24) Using 2 workers of 2 for evacuation
[2025-03-30T12:56:19.396-0600][gc,mmu      ] GC(24) MMU target violated: 21.0ms (20.0ms/21.0ms)
[2025-03-30T12:56:19.396-0600][gc,phases   ] GC(24)   Pre Evacuate Collection Set: 0.4ms
[2025-03-30T12:56:19.396-0600][gc,phases   ] GC(24)   Merge Heap Roots: 0.3ms
[2025-03-30T12:56:19.397-0600][gc,phases   ] GC(24)   Evacuate Collection Set: 38.7ms
[2025-03-30T12:56:19.397-0600][gc,phases   ] GC(24)   Post Evacuate Collection Set: 0.9ms
[2025-03-30T12:56:19.397-0600][gc,phases   ] GC(24)   Other: 1.3ms
[2025-03-30T12:56:19.397-0600][gc,heap     ] GC(24) Eden regions: 45->0(45)
[2025-03-30T12:56:19.397-0600][gc,heap     ] GC(24) Survivor regions: 6->6(7)
[2025-03-30T12:56:19.397-0600][gc,heap     ] GC(24) Old regions: 26->28
[2025-03-30T12:56:19.397-0600][gc,heap     ] GC(24) Archive regions: 2->2
[2025-03-30T12:56:19.397-0600][gc,heap     ] GC(24) Humongous regions: 129->129
[2025-03-30T12:56:19.397-0600][gc,metaspace] GC(24) Metaspace: 41822K(42304K)->41822K(42304K) NonClass: 36706K(36992K)->36706K(36992K) Class: 5116K(5312K)->5116K(5312K)
[2025-03-30T12:56:19.397-0600][gc          ] GC(24) Pause Young (Normal) (G1 Evacuation Pause) 206M->163M(1024M) 42.166ms
[2025-03-30T12:56:19.397-0600][gc,cpu      ] GC(24) User=0.05s Sys=0.00s Real=0.04s
[2025-03-30T12:56:36.689-0600][gc,start    ] GC(25) Pause Young (Normal) (G1 Evacuation Pause)
[2025-03-30T12:56:36.689-0600][gc,task     ] GC(25) Using 2 workers of 2 for evacuation
[2025-03-30T12:56:36.732-0600][gc,mmu      ] GC(25) MMU target violated: 21.0ms (20.0ms/21.0ms)
[2025-03-30T12:56:36.732-0600][gc,phases   ] GC(25)   Pre Evacuate Collection Set: 0.3ms
[2025-03-30T12:56:36.732-0600][gc,phases   ] GC(25)   Merge Heap Roots: 0.3ms
[2025-03-30T12:56:36.732-0600][gc,phases   ] GC(25)   Evacuate Collection Set: 40.1ms
[2025-03-30T12:56:36.732-0600][gc,phases   ] GC(25)   Post Evacuate Collection Set: 1.9ms
[2025-03-30T12:56:36.732-0600][gc,phases   ] GC(25)   Other: 0.4ms
[2025-03-30T12:56:36.732-0600][gc,heap     ] GC(25) Eden regions: 45->0(45)
[2025-03-30T12:56:36.732-0600][gc,heap     ] GC(25) Survivor regions: 6->6(7)
[2025-03-30T12:56:36.732-0600][gc,heap     ] GC(25) Old regions: 28->30
[2025-03-30T12:56:36.732-0600][gc,heap     ] GC(25) Archive regions: 2->2
[2025-03-30T12:56:36.732-0600][gc,heap     ] GC(25) Humongous regions: 129->129
[2025-03-30T12:56:36.732-0600][gc,metaspace] GC(25) Metaspace: 41822K(42304K)->41822K(42304K) NonClass: 36706K(36992K)->36706K(36992K) Class: 5116K(5312K)->5116K(5312K)
[2025-03-30T12:56:36.732-0600][gc          ] GC(25) Pause Young (Normal) (G1 Evacuation Pause) 208M->165M(1024M) 43.199ms
[2025-03-30T12:56:36.732-0600][gc,cpu      ] GC(25) User=0.04s Sys=0.01s Real=0.05s
[2025-03-30T12:56:54.706-0600][gc,start    ] GC(26) Pause Young (Normal) (G1 Evacuation Pause)
[2025-03-30T12:56:54.706-0600][gc,task     ] GC(26) Using 2 workers of 2 for evacuation
[2025-03-30T12:56:54.742-0600][gc,mmu      ] GC(26) MMU target violated: 21.0ms (20.0ms/21.0ms)
[2025-03-30T12:56:54.742-0600][gc,phases   ] GC(26)   Pre Evacuate Collection Set: 0.2ms
[2025-03-30T12:56:54.742-0600][gc,phases   ] GC(26)   Merge Heap Roots: 0.4ms
[2025-03-30T12:56:54.742-0600][gc,phases   ] GC(26)   Evacuate Collection Set: 34.7ms
[2025-03-30T12:56:54.742-0600][gc,phases   ] GC(26)   Post Evacuate Collection Set: 1.0ms
[2025-03-30T12:56:54.742-0600][gc,phases   ] GC(26)   Other: 0.4ms
[2025-03-30T12:56:54.742-0600][gc,heap     ] GC(26) Eden regions: 45->0(48)
[2025-03-30T12:56:54.742-0600][gc,heap     ] GC(26) Survivor regions: 6->3(7)
[2025-03-30T12:56:54.742-0600][gc,heap     ] GC(26) Old regions: 30->34
[2025-03-30T12:56:54.742-0600][gc,heap     ] GC(26) Archive regions: 2->2
[2025-03-30T12:56:54.742-0600][gc,heap     ] GC(26) Humongous regions: 129->129
[2025-03-30T12:56:54.742-0600][gc,metaspace] GC(26) Metaspace: 41827K(42304K)->41827K(42304K) NonClass: 36711K(36992K)->36711K(36992K) Class: 5116K(5312K)->5116K(5312K)
[2025-03-30T12:56:54.743-0600][gc          ] GC(26) Pause Young (Normal) (G1 Evacuation Pause) 210M->166M(1024M) 36.934ms
[2025-03-30T12:56:54.743-0600][gc,cpu      ] GC(26) User=0.04s Sys=0.00s Real=0.04s
[2025-03-30T12:57:13.189-0600][gc,start    ] GC(27) Pause Young (Normal) (G1 Evacuation Pause)
[2025-03-30T12:57:13.189-0600][gc,task     ] GC(27) Using 2 workers of 2 for evacuation
[2025-03-30T12:57:13.211-0600][gc,mmu      ] GC(27) MMU target violated: 21.0ms (20.0ms/21.0ms)
[2025-03-30T12:57:13.212-0600][gc,phases   ] GC(27)   Pre Evacuate Collection Set: 1.2ms
[2025-03-30T12:57:13.212-0600][gc,phases   ] GC(27)   Merge Heap Roots: 0.2ms
[2025-03-30T12:57:13.212-0600][gc,phases   ] GC(27)   Evacuate Collection Set: 20.2ms
[2025-03-30T12:57:13.212-0600][gc,phases   ] GC(27)   Post Evacuate Collection Set: 1.0ms
[2025-03-30T12:57:13.212-0600][gc,phases   ] GC(27)   Other: 0.4ms
[2025-03-30T12:57:13.212-0600][gc,heap     ] GC(27) Eden regions: 48->0(47)
[2025-03-30T12:57:13.212-0600][gc,heap     ] GC(27) Survivor regions: 3->4(7)
[2025-03-30T12:57:13.212-0600][gc,heap     ] GC(27) Old regions: 34->34
[2025-03-30T12:57:13.212-0600][gc,heap     ] GC(27) Archive regions: 2->2
[2025-03-30T12:57:13.212-0600][gc,heap     ] GC(27) Humongous regions: 129->129
[2025-03-30T12:57:13.212-0600][gc,metaspace] GC(27) Metaspace: 41827K(42304K)->41827K(42304K) NonClass: 36711K(36992K)->36711K(36992K) Class: 5116K(5312K)->5116K(5312K)
[2025-03-30T12:57:13.212-0600][gc          ] GC(27) Pause Young (Normal) (G1 Evacuation Pause) 214M->166M(1024M) 23.125ms
[2025-03-30T12:57:13.212-0600][gc,cpu      ] GC(27) User=0.02s Sys=0.00s Real=0.03s
[2025-03-30T12:57:31.869-0600][gc,start    ] GC(28) Pause Young (Normal) (G1 Evacuation Pause)
[2025-03-30T12:57:31.869-0600][gc,task     ] GC(28) Using 2 workers of 2 for evacuation
[2025-03-30T12:57:31.892-0600][gc,mmu      ] GC(28) MMU target violated: 21.0ms (20.0ms/21.0ms)
[2025-03-30T12:57:31.892-0600][gc,phases   ] GC(28)   Pre Evacuate Collection Set: 1.3ms
[2025-03-30T12:57:31.892-0600][gc,phases   ] GC(28)   Merge Heap Roots: 0.2ms
[2025-03-30T12:57:31.892-0600][gc,phases   ] GC(28)   Evacuate Collection Set: 19.9ms
[2025-03-30T12:57:31.892-0600][gc,phases   ] GC(28)   Post Evacuate Collection Set: 1.3ms
[2025-03-30T12:57:31.892-0600][gc,phases   ] GC(28)   Other: 0.6ms
[2025-03-30T12:57:31.892-0600][gc,heap     ] GC(28) Eden regions: 47->0(47)
[2025-03-30T12:57:31.892-0600][gc,heap     ] GC(28) Survivor regions: 4->4(7)
[2025-03-30T12:57:31.892-0600][gc,heap     ] GC(28) Old regions: 34->34
[2025-03-30T12:57:31.892-0600][gc,heap     ] GC(28) Archive regions: 2->2
[2025-03-30T12:57:31.892-0600][gc,heap     ] GC(28) Humongous regions: 129->129
[2025-03-30T12:57:31.892-0600][gc,metaspace] GC(28) Metaspace: 41827K(42304K)->41827K(42304K) NonClass: 36711K(36992K)->36711K(36992K) Class: 5116K(5312K)->5116K(5312K)
[2025-03-30T12:57:31.892-0600][gc          ] GC(28) Pause Young (Normal) (G1 Evacuation Pause) 213M->167M(1024M) 23.461ms
[2025-03-30T12:57:31.893-0600][gc,cpu      ] GC(28) User=0.02s Sys=0.00s Real=0.02s
[2025-03-30T12:57:50.019-0600][gc,start    ] GC(29) Pause Young (Normal) (G1 Evacuation Pause)
[2025-03-30T12:57:50.019-0600][gc,task     ] GC(29) Using 2 workers of 2 for evacuation
[2025-03-30T12:57:50.038-0600][gc,phases   ] GC(29)   Pre Evacuate Collection Set: 0.2ms
[2025-03-30T12:57:50.038-0600][gc,phases   ] GC(29)   Merge Heap Roots: 0.1ms
[2025-03-30T12:57:50.038-0600][gc,phases   ] GC(29)   Evacuate Collection Set: 17.4ms
[2025-03-30T12:57:50.038-0600][gc,phases   ] GC(29)   Post Evacuate Collection Set: 0.9ms
[2025-03-30T12:57:50.038-0600][gc,phases   ] GC(29)   Other: 0.3ms
[2025-03-30T12:57:50.038-0600][gc,heap     ] GC(29) Eden regions: 47->0(48)
[2025-03-30T12:57:50.038-0600][gc,heap     ] GC(29) Survivor regions: 4->3(7)
[2025-03-30T12:57:50.038-0600][gc,heap     ] GC(29) Old regions: 34->36
[2025-03-30T12:57:50.038-0600][gc,heap     ] GC(29) Archive regions: 2->2
[2025-03-30T12:57:50.038-0600][gc,heap     ] GC(29) Humongous regions: 129->129
[2025-03-30T12:57:50.038-0600][gc,metaspace] GC(29) Metaspace: 41827K(42304K)->41827K(42304K) NonClass: 36711K(36992K)->36711K(36992K) Class: 5116K(5312K)->5116K(5312K)
[2025-03-30T12:57:50.038-0600][gc          ] GC(29) Pause Young (Normal) (G1 Evacuation Pause) 214M->167M(1024M) 19.139ms
[2025-03-30T12:57:50.038-0600][gc,cpu      ] GC(29) User=0.02s Sys=0.00s Real=0.01s
[2025-03-30T13:11:06.408-0600][gc,start    ] GC(30) Pause Young (Normal) (G1 Evacuation Pause)
[2025-03-30T13:11:06.408-0600][gc,task     ] GC(30) Using 2 workers of 2 for evacuation
[2025-03-30T13:11:06.454-0600][gc,mmu      ] GC(30) MMU target violated: 21.0ms (20.0ms/21.0ms)
[2025-03-30T13:11:06.454-0600][gc,phases   ] GC(30)   Pre Evacuate Collection Set: 0.7ms
[2025-03-30T13:11:06.454-0600][gc,phases   ] GC(30)   Merge Heap Roots: 0.2ms
[2025-03-30T13:11:06.454-0600][gc,phases   ] GC(30)   Evacuate Collection Set: 43.5ms
[2025-03-30T13:11:06.454-0600][gc,phases   ] GC(30)   Post Evacuate Collection Set: 1.4ms
[2025-03-30T13:11:06.455-0600][gc,phases   ] GC(30)   Other: 0.8ms
[2025-03-30T13:11:06.456-0600][gc,heap     ] GC(30) Eden regions: 48->0(44)
[2025-03-30T13:11:06.456-0600][gc,heap     ] GC(30) Survivor regions: 3->7(7)
[2025-03-30T13:11:06.456-0600][gc,heap     ] GC(30) Old regions: 36->36
[2025-03-30T13:11:06.456-0600][gc,heap     ] GC(30) Archive regions: 2->2
[2025-03-30T13:11:06.456-0600][gc,heap     ] GC(30) Humongous regions: 129->129
[2025-03-30T13:11:06.456-0600][gc,metaspace] GC(30) Metaspace: 41894K(42368K)->41894K(42368K) NonClass: 36778K(37056K)->36778K(37056K) Class: 5116K(5312K)->5116K(5312K)
[2025-03-30T13:11:06.456-0600][gc          ] GC(30) Pause Young (Normal) (G1 Evacuation Pause) 215M->171M(1024M) 48.099ms
[2025-03-30T13:11:06.456-0600][gc,cpu      ] GC(30) User=0.04s Sys=0.00s Real=0.05s
[2025-03-30T13:11:27.186-0600][gc,start    ] GC(31) Pause Young (Normal) (G1 Evacuation Pause)
[2025-03-30T13:11:27.186-0600][gc,task     ] GC(31) Using 2 workers of 2 for evacuation
[2025-03-30T13:11:27.224-0600][gc,mmu      ] GC(31) MMU target violated: 21.0ms (20.0ms/21.0ms)
[2025-03-30T13:11:27.224-0600][gc,phases   ] GC(31)   Pre Evacuate Collection Set: 0.3ms
[2025-03-30T13:11:27.224-0600][gc,phases   ] GC(31)   Merge Heap Roots: 0.1ms
[2025-03-30T13:11:27.224-0600][gc,phases   ] GC(31)   Evacuate Collection Set: 36.2ms
[2025-03-30T13:11:27.224-0600][gc,phases   ] GC(31)   Post Evacuate Collection Set: 1.0ms
[2025-03-30T13:11:27.224-0600][gc,phases   ] GC(31)   Other: 0.4ms
[2025-03-30T13:11:27.224-0600][gc,heap     ] GC(31) Eden regions: 44->0(49)
[2025-03-30T13:11:27.224-0600][gc,heap     ] GC(31) Survivor regions: 7->2(7)
[2025-03-30T13:11:27.224-0600][gc,heap     ] GC(31) Old regions: 36->41
[2025-03-30T13:11:27.225-0600][gc,heap     ] GC(31) Archive regions: 2->2
[2025-03-30T13:11:27.225-0600][gc,heap     ] GC(31) Humongous regions: 129->129
[2025-03-30T13:11:27.225-0600][gc,metaspace] GC(31) Metaspace: 41909K(42368K)->41909K(42368K) NonClass: 36793K(37056K)->36793K(37056K) Class: 5116K(5312K)->5116K(5312K)
[2025-03-30T13:11:27.225-0600][gc          ] GC(31) Pause Young (Normal) (G1 Evacuation Pause) 215M->172M(1024M) 38.209ms
[2025-03-30T13:11:27.225-0600][gc,cpu      ] GC(31) User=0.03s Sys=0.00s Real=0.04s
[2025-03-30T13:11:45.435-0600][gc,start    ] GC(32) Pause Young (Normal) (G1 Evacuation Pause)
[2025-03-30T13:11:45.436-0600][gc,task     ] GC(32) Using 2 workers of 2 for evacuation
[2025-03-30T13:11:45.454-0600][gc,phases   ] GC(32)   Pre Evacuate Collection Set: 1.0ms
[2025-03-30T13:11:45.454-0600][gc,phases   ] GC(32)   Merge Heap Roots: 0.2ms
[2025-03-30T13:11:45.455-0600][gc,phases   ] GC(32)   Evacuate Collection Set: 16.0ms
[2025-03-30T13:11:45.455-0600][gc,phases   ] GC(32)   Post Evacuate Collection Set: 1.3ms
[2025-03-30T13:11:45.455-0600][gc,phases   ] GC(32)   Other: 0.3ms
[2025-03-30T13:11:45.455-0600][gc,heap     ] GC(32) Eden regions: 49->0(48)
[2025-03-30T13:11:45.455-0600][gc,heap     ] GC(32) Survivor regions: 2->3(7)
[2025-03-30T13:11:45.455-0600][gc,heap     ] GC(32) Old regions: 41->41
[2025-03-30T13:11:45.455-0600][gc,heap     ] GC(32) Archive regions: 2->2
[2025-03-30T13:11:45.455-0600][gc,heap     ] GC(32) Humongous regions: 129->129
[2025-03-30T13:11:45.455-0600][gc,metaspace] GC(32) Metaspace: 41909K(42368K)->41909K(42368K) NonClass: 36793K(37056K)->36793K(37056K) Class: 5116K(5312K)->5116K(5312K)
[2025-03-30T13:11:45.455-0600][gc          ] GC(32) Pause Young (Normal) (G1 Evacuation Pause) 221M->172M(1024M) 19.264ms
[2025-03-30T13:11:45.455-0600][gc,cpu      ] GC(32) User=0.02s Sys=0.00s Real=0.02s
[2025-03-30T13:12:03.670-0600][gc,start    ] GC(33) Pause Young (Normal) (G1 Evacuation Pause)
[2025-03-30T13:12:03.670-0600][gc,task     ] GC(33) Using 2 workers of 2 for evacuation
[2025-03-30T13:12:03.686-0600][gc,phases   ] GC(33)   Pre Evacuate Collection Set: 0.5ms
[2025-03-30T13:12:03.687-0600][gc,phases   ] GC(33)   Merge Heap Roots: 0.2ms
[2025-03-30T13:12:03.687-0600][gc,phases   ] GC(33)   Evacuate Collection Set: 14.6ms
[2025-03-30T13:12:03.687-0600][gc,phases   ] GC(33)   Post Evacuate Collection Set: 1.1ms
[2025-03-30T13:12:03.687-0600][gc,phases   ] GC(33)   Other: 0.4ms
[2025-03-30T13:12:03.687-0600][gc,heap     ] GC(33) Eden regions: 48->0(47)
[2025-03-30T13:12:03.687-0600][gc,heap     ] GC(33) Survivor regions: 3->4(7)
[2025-03-30T13:12:03.687-0600][gc,heap     ] GC(33) Old regions: 41->41
[2025-03-30T13:12:03.687-0600][gc,heap     ] GC(33) Archive regions: 2->2
[2025-03-30T13:12:03.687-0600][gc,heap     ] GC(33) Humongous regions: 129->129
[2025-03-30T13:12:03.687-0600][gc,metaspace] GC(33) Metaspace: 41909K(42368K)->41909K(42368K) NonClass: 36793K(37056K)->36793K(37056K) Class: 5116K(5312K)->5116K(5312K)
[2025-03-30T13:12:03.687-0600][gc          ] GC(33) Pause Young (Normal) (G1 Evacuation Pause) 220M->173M(1024M) 17.213ms
[2025-03-30T13:12:03.687-0600][gc,cpu      ] GC(33) User=0.01s Sys=0.01s Real=0.01s
[2025-03-30T13:12:21.340-0600][gc,start    ] GC(34) Pause Young (Normal) (G1 Evacuation Pause)
[2025-03-30T13:12:21.341-0600][gc,task     ] GC(34) Using 2 workers of 2 for evacuation
[2025-03-30T13:12:21.365-0600][gc,mmu      ] GC(34) MMU target violated: 21.0ms (20.0ms/21.0ms)
[2025-03-30T13:12:21.365-0600][gc,phases   ] GC(34)   Pre Evacuate Collection Set: 1.0ms
[2025-03-30T13:12:21.365-0600][gc,phases   ] GC(34)   Merge Heap Roots: 0.2ms
[2025-03-30T13:12:21.365-0600][gc,phases   ] GC(34)   Evacuate Collection Set: 20.8ms
[2025-03-30T13:12:21.365-0600][gc,phases   ] GC(34)   Post Evacuate Collection Set: 1.0ms
[2025-03-30T13:12:21.365-0600][gc,phases   ] GC(34)   Other: 2.1ms
[2025-03-30T13:12:21.365-0600][gc,heap     ] GC(34) Eden regions: 47->0(47)
[2025-03-30T13:12:21.365-0600][gc,heap     ] GC(34) Survivor regions: 4->4(7)
[2025-03-30T13:12:21.366-0600][gc,heap     ] GC(34) Old regions: 41->41
[2025-03-30T13:12:21.366-0600][gc,heap     ] GC(34) Archive regions: 2->2
[2025-03-30T13:12:21.366-0600][gc,heap     ] GC(34) Humongous regions: 129->129
[2025-03-30T13:12:21.366-0600][gc,metaspace] GC(34) Metaspace: 41909K(42368K)->41909K(42368K) NonClass: 36793K(37056K)->36793K(37056K) Class: 5116K(5312K)->5116K(5312K)
[2025-03-30T13:12:21.366-0600][gc          ] GC(34) Pause Young (Normal) (G1 Evacuation Pause) 220M->173M(1024M) 25.229ms
[2025-03-30T13:12:21.366-0600][gc,cpu      ] GC(34) User=0.03s Sys=0.00s Real=0.02s
[2025-03-30T13:12:39.029-0600][gc,start    ] GC(35) Pause Young (Normal) (G1 Evacuation Pause)
[2025-03-30T13:12:39.029-0600][gc,task     ] GC(35) Using 2 workers of 2 for evacuation
[2025-03-30T13:12:39.048-0600][gc,phases   ] GC(35)   Pre Evacuate Collection Set: 0.3ms
[2025-03-30T13:12:39.049-0600][gc,phases   ] GC(35)   Merge Heap Roots: 0.3ms
[2025-03-30T13:12:39.049-0600][gc,phases   ] GC(35)   Evacuate Collection Set: 16.8ms
[2025-03-30T13:12:39.049-0600][gc,phases   ] GC(35)   Post Evacuate Collection Set: 0.8ms
[2025-03-30T13:12:39.049-0600][gc,phases   ] GC(35)   Other: 1.5ms
[2025-03-30T13:12:39.049-0600][gc,heap     ] GC(35) Eden regions: 47->0(48)
[2025-03-30T13:12:39.049-0600][gc,heap     ] GC(35) Survivor regions: 4->3(7)
[2025-03-30T13:12:39.049-0600][gc,heap     ] GC(35) Old regions: 41->42
[2025-03-30T13:12:39.049-0600][gc,heap     ] GC(35) Archive regions: 2->2
[2025-03-30T13:12:39.049-0600][gc,heap     ] GC(35) Humongous regions: 129->129
[2025-03-30T13:12:39.049-0600][gc,metaspace] GC(35) Metaspace: 41909K(42368K)->41909K(42368K) NonClass: 36793K(37056K)->36793K(37056K) Class: 5116K(5312K)->5116K(5312K)
[2025-03-30T13:12:39.049-0600][gc          ] GC(35) Pause Young (Normal) (G1 Evacuation Pause) 220M->174M(1024M) 20.624ms
[2025-03-30T13:12:39.049-0600][gc,cpu      ] GC(35) User=0.01s Sys=0.00s Real=0.03s
[2025-03-30T13:15:12.657-0600][gc,start    ] GC(36) Pause Young (Normal) (G1 Evacuation Pause)
[2025-03-30T13:15:12.657-0600][gc,task     ] GC(36) Using 2 workers of 2 for evacuation
[2025-03-30T13:15:12.680-0600][gc,mmu      ] GC(36) MMU target violated: 21.0ms (20.0ms/21.0ms)
[2025-03-30T13:15:12.681-0600][gc,phases   ] GC(36)   Pre Evacuate Collection Set: 0.4ms
[2025-03-30T13:15:12.681-0600][gc,phases   ] GC(36)   Merge Heap Roots: 0.2ms
[2025-03-30T13:15:12.681-0600][gc,phases   ] GC(36)   Evacuate Collection Set: 21.4ms
[2025-03-30T13:15:12.681-0600][gc,phases   ] GC(36)   Post Evacuate Collection Set: 1.1ms
[2025-03-30T13:15:12.681-0600][gc,phases   ] GC(36)   Other: 0.7ms
[2025-03-30T13:15:12.681-0600][gc,heap     ] GC(36) Eden regions: 48->0(46)
[2025-03-30T13:15:12.681-0600][gc,heap     ] GC(36) Survivor regions: 3->5(7)
[2025-03-30T13:15:12.681-0600][gc,heap     ] GC(36) Old regions: 42->42
[2025-03-30T13:15:12.681-0600][gc,heap     ] GC(36) Archive regions: 2->2
[2025-03-30T13:15:12.681-0600][gc,heap     ] GC(36) Humongous regions: 129->129
[2025-03-30T13:15:12.681-0600][gc,metaspace] GC(36) Metaspace: 41939K(42432K)->41939K(42432K) NonClass: 36821K(37120K)->36821K(37120K) Class: 5117K(5312K)->5117K(5312K)
[2025-03-30T13:15:12.681-0600][gc          ] GC(36) Pause Young (Normal) (G1 Evacuation Pause) 222M->176M(1024M) 24.160ms
[2025-03-30T13:15:12.681-0600][gc,cpu      ] GC(36) User=0.02s Sys=0.00s Real=0.03s
[2025-03-30T13:15:29.971-0600][gc,start    ] GC(37) Pause Young (Normal) (G1 Evacuation Pause)
[2025-03-30T13:15:29.971-0600][gc,task     ] GC(37) Using 2 workers of 2 for evacuation
[2025-03-30T13:15:30.004-0600][gc,mmu      ] GC(37) MMU target violated: 21.0ms (20.0ms/21.0ms)
[2025-03-30T13:15:30.004-0600][gc,phases   ] GC(37)   Pre Evacuate Collection Set: 0.3ms
[2025-03-30T13:15:30.004-0600][gc,phases   ] GC(37)   Merge Heap Roots: 0.2ms
[2025-03-30T13:15:30.004-0600][gc,phases   ] GC(37)   Evacuate Collection Set: 31.4ms
[2025-03-30T13:15:30.004-0600][gc,phases   ] GC(37)   Post Evacuate Collection Set: 1.0ms
[2025-03-30T13:15:30.004-0600][gc,phases   ] GC(37)   Other: 0.4ms
[2025-03-30T13:15:30.004-0600][gc,heap     ] GC(37) Eden regions: 46->0(46)
[2025-03-30T13:15:30.004-0600][gc,heap     ] GC(37) Survivor regions: 5->5(7)
[2025-03-30T13:15:30.004-0600][gc,heap     ] GC(37) Old regions: 42->43
[2025-03-30T13:15:30.004-0600][gc,heap     ] GC(37) Archive regions: 2->2
[2025-03-30T13:15:30.005-0600][gc,heap     ] GC(37) Humongous regions: 129->129
[2025-03-30T13:15:30.005-0600][gc,metaspace] GC(37) Metaspace: 41942K(42432K)->41942K(42432K) NonClass: 36825K(37120K)->36825K(37120K) Class: 5117K(5312K)->5117K(5312K)
[2025-03-30T13:15:30.005-0600][gc          ] GC(37) Pause Young (Normal) (G1 Evacuation Pause) 222M->177M(1024M) 33.369ms
[2025-03-30T13:15:30.006-0600][gc,cpu      ] GC(37) User=0.03s Sys=0.01s Real=0.03s
[2025-03-30T13:15:47.298-0600][gc,start    ] GC(38) Pause Young (Normal) (G1 Evacuation Pause)
[2025-03-30T13:15:47.298-0600][gc,task     ] GC(38) Using 2 workers of 2 for evacuation
[2025-03-30T13:15:47.324-0600][gc,mmu      ] GC(38) MMU target violated: 21.0ms (20.0ms/21.0ms)
[2025-03-30T13:15:47.324-0600][gc,phases   ] GC(38)   Pre Evacuate Collection Set: 0.4ms
[2025-03-30T13:15:47.325-0600][gc,phases   ] GC(38)   Merge Heap Roots: 0.2ms
[2025-03-30T13:15:47.325-0600][gc,phases   ] GC(38)   Evacuate Collection Set: 23.9ms
[2025-03-30T13:15:47.325-0600][gc,phases   ] GC(38)   Post Evacuate Collection Set: 1.3ms
[2025-03-30T13:15:47.325-0600][gc,phases   ] GC(38)   Other: 0.4ms
[2025-03-30T13:15:47.325-0600][gc,heap     ] GC(38) Eden regions: 46->0(46)
[2025-03-30T13:15:47.325-0600][gc,heap     ] GC(38) Survivor regions: 5->5(7)
[2025-03-30T13:15:47.325-0600][gc,heap     ] GC(38) Old regions: 43->44
[2025-03-30T13:15:47.325-0600][gc,heap     ] GC(38) Archive regions: 2->2
[2025-03-30T13:15:47.325-0600][gc,heap     ] GC(38) Humongous regions: 129->129
[2025-03-30T13:15:47.325-0600][gc,metaspace] GC(38) Metaspace: 41942K(42432K)->41942K(42432K) NonClass: 36825K(37120K)->36825K(37120K) Class: 5117K(5312K)->5117K(5312K)
[2025-03-30T13:15:47.325-0600][gc          ] GC(38) Pause Young (Normal) (G1 Evacuation Pause) 223M->178M(1024M) 26.340ms
[2025-03-30T13:15:47.325-0600][gc,cpu      ] GC(38) User=0.03s Sys=0.01s Real=0.03s
[2025-03-30T13:16:04.407-0600][gc,start    ] GC(39) Pause Young (Normal) (G1 Evacuation Pause)
[2025-03-30T13:16:04.408-0600][gc,task     ] GC(39) Using 2 workers of 2 for evacuation
[2025-03-30T13:16:04.433-0600][gc,mmu      ] GC(39) MMU target violated: 21.0ms (20.0ms/21.0ms)
[2025-03-30T13:16:04.433-0600][gc,phases   ] GC(39)   Pre Evacuate Collection Set: 0.2ms
[2025-03-30T13:16:04.433-0600][gc,phases   ] GC(39)   Merge Heap Roots: 0.1ms
[2025-03-30T13:16:04.433-0600][gc,phases   ] GC(39)   Evacuate Collection Set: 22.9ms
[2025-03-30T13:16:04.433-0600][gc,phases   ] GC(39)   Post Evacuate Collection Set: 1.4ms
[2025-03-30T13:16:04.433-0600][gc,phases   ] GC(39)   Other: 1.4ms
[2025-03-30T13:16:04.433-0600][gc,heap     ] GC(39) Eden regions: 46->0(47)
[2025-03-30T13:16:04.433-0600][gc,heap     ] GC(39) Survivor regions: 5->4(7)
[2025-03-30T13:16:04.433-0600][gc,heap     ] GC(39) Old regions: 44->45
[2025-03-30T13:16:04.433-0600][gc,heap     ] GC(39) Archive regions: 2->2
[2025-03-30T13:16:04.433-0600][gc,heap     ] GC(39) Humongous regions: 129->129
[2025-03-30T13:16:04.433-0600][gc,metaspace] GC(39) Metaspace: 41942K(42432K)->41942K(42432K) NonClass: 36825K(37120K)->36825K(37120K) Class: 5117K(5312K)->5117K(5312K)
[2025-03-30T13:16:04.434-0600][gc          ] GC(39) Pause Young (Normal) (G1 Evacuation Pause) 224M->178M(1024M) 26.239ms
[2025-03-30T13:16:04.434-0600][gc,cpu      ] GC(39) User=0.03s Sys=0.00s Real=0.03s
[2025-03-30T13:16:22.129-0600][gc,start    ] GC(40) Pause Young (Normal) (G1 Evacuation Pause)
[2025-03-30T13:16:22.129-0600][gc,task     ] GC(40) Using 2 workers of 2 for evacuation
[2025-03-30T13:16:22.160-0600][gc,mmu      ] GC(40) MMU target violated: 21.0ms (20.0ms/21.0ms)
[2025-03-30T13:16:22.160-0600][gc,phases   ] GC(40)   Pre Evacuate Collection Set: 0.3ms
[2025-03-30T13:16:22.160-0600][gc,phases   ] GC(40)   Merge Heap Roots: 0.2ms
[2025-03-30T13:16:22.160-0600][gc,phases   ] GC(40)   Evacuate Collection Set: 29.5ms
[2025-03-30T13:16:22.160-0600][gc,phases   ] GC(40)   Post Evacuate Collection Set: 0.8ms
[2025-03-30T13:16:22.160-0600][gc,phases   ] GC(40)   Other: 0.4ms
[2025-03-30T13:16:22.160-0600][gc,heap     ] GC(40) Eden regions: 47->0(48)
[2025-03-30T13:16:22.160-0600][gc,heap     ] GC(40) Survivor regions: 4->3(7)
[2025-03-30T13:16:22.160-0600][gc,heap     ] GC(40) Old regions: 45->46
[2025-03-30T13:16:22.160-0600][gc,heap     ] GC(40) Archive regions: 2->2
[2025-03-30T13:16:22.160-0600][gc,heap     ] GC(40) Humongous regions: 129->129
[2025-03-30T13:16:22.160-0600][gc,metaspace] GC(40) Metaspace: 41944K(42432K)->41944K(42432K) NonClass: 36826K(37120K)->36826K(37120K) Class: 5117K(5312K)->5117K(5312K)
[2025-03-30T13:16:22.160-0600][gc          ] GC(40) Pause Young (Normal) (G1 Evacuation Pause) 225M->178M(1024M) 31.275ms
[2025-03-30T13:16:22.160-0600][gc,cpu      ] GC(40) User=0.02s Sys=0.00s Real=0.04s
[2025-03-30T13:16:40.290-0600][gc,start    ] GC(41) Pause Young (Normal) (G1 Evacuation Pause)
[2025-03-30T13:16:40.290-0600][gc,task     ] GC(41) Using 2 workers of 2 for evacuation
[2025-03-30T13:16:40.308-0600][gc,phases   ] GC(41)   Pre Evacuate Collection Set: 0.5ms
[2025-03-30T13:16:40.309-0600][gc,phases   ] GC(41)   Merge Heap Roots: 0.4ms
[2025-03-30T13:16:40.309-0600][gc,phases   ] GC(41)   Evacuate Collection Set: 15.4ms
[2025-03-30T13:16:40.309-0600][gc,phases   ] GC(41)   Post Evacuate Collection Set: 1.6ms
[2025-03-30T13:16:40.309-0600][gc,phases   ] GC(41)   Other: 0.6ms
[2025-03-30T13:16:40.309-0600][gc,heap     ] GC(41) Eden regions: 48->0(47)
[2025-03-30T13:16:40.309-0600][gc,heap     ] GC(41) Survivor regions: 3->4(7)
[2025-03-30T13:16:40.309-0600][gc,heap     ] GC(41) Old regions: 46->46
[2025-03-30T13:16:40.309-0600][gc,heap     ] GC(41) Archive regions: 2->2
[2025-03-30T13:16:40.309-0600][gc,heap     ] GC(41) Humongous regions: 129->129
[2025-03-30T13:16:40.309-0600][gc,metaspace] GC(41) Metaspace: 41944K(42432K)->41944K(42432K) NonClass: 36826K(37120K)->36826K(37120K) Class: 5117K(5312K)->5117K(5312K)
[2025-03-30T13:16:40.309-0600][gc          ] GC(41) Pause Young (Normal) (G1 Evacuation Pause) 226M->179M(1024M) 19.180ms
[2025-03-30T13:16:40.309-0600][gc,cpu      ] GC(41) User=0.02s Sys=0.01s Real=0.02s
[2025-03-30T13:16:57.455-0600][gc,start    ] GC(42) Pause Young (Normal) (G1 Evacuation Pause)
[2025-03-30T13:16:57.455-0600][gc,task     ] GC(42) Using 2 workers of 2 for evacuation
[2025-03-30T13:16:57.479-0600][gc,mmu      ] GC(42) MMU target violated: 21.0ms (20.0ms/21.0ms)
[2025-03-30T13:16:57.479-0600][gc,phases   ] GC(42)   Pre Evacuate Collection Set: 0.6ms
[2025-03-30T13:16:57.479-0600][gc,phases   ] GC(42)   Merge Heap Roots: 0.2ms
[2025-03-30T13:16:57.479-0600][gc,phases   ] GC(42)   Evacuate Collection Set: 21.6ms
[2025-03-30T13:16:57.479-0600][gc,phases   ] GC(42)   Post Evacuate Collection Set: 1.9ms
[2025-03-30T13:16:57.479-0600][gc,phases   ] GC(42)   Other: 0.4ms
[2025-03-30T13:16:57.479-0600][gc,heap     ] GC(42) Eden regions: 47->0(47)
[2025-03-30T13:16:57.479-0600][gc,heap     ] GC(42) Survivor regions: 4->4(7)
[2025-03-30T13:16:57.479-0600][gc,heap     ] GC(42) Old regions: 46->46
[2025-03-30T13:16:57.479-0600][gc,heap     ] GC(42) Archive regions: 2->2
[2025-03-30T13:16:57.479-0600][gc,heap     ] GC(42) Humongous regions: 129->129
[2025-03-30T13:16:57.479-0600][gc,metaspace] GC(42) Metaspace: 41944K(42432K)->41944K(42432K) NonClass: 36826K(37120K)->36826K(37120K) Class: 5117K(5312K)->5117K(5312K)
[2025-03-30T13:16:57.479-0600][gc          ] GC(42) Pause Young (Normal) (G1 Evacuation Pause) 226M->179M(1024M) 24.873ms
[2025-03-30T13:16:57.479-0600][gc,cpu      ] GC(42) User=0.02s Sys=0.00s Real=0.03s
[2025-03-30T13:23:12.761-0600][gc,start    ] GC(43) Pause Young (Normal) (G1 Evacuation Pause)
[2025-03-30T13:23:12.761-0600][gc,task     ] GC(43) Using 2 workers of 2 for evacuation
[2025-03-30T13:23:12.791-0600][gc,mmu      ] GC(43) MMU target violated: 21.0ms (20.0ms/21.0ms)
[2025-03-30T13:23:12.791-0600][gc,phases   ] GC(43)   Pre Evacuate Collection Set: 0.3ms
[2025-03-30T13:23:12.791-0600][gc,phases   ] GC(43)   Merge Heap Roots: 0.7ms
[2025-03-30T13:23:12.791-0600][gc,phases   ] GC(43)   Evacuate Collection Set: 27.9ms
[2025-03-30T13:23:12.791-0600][gc,phases   ] GC(43)   Post Evacuate Collection Set: 1.0ms
[2025-03-30T13:23:12.791-0600][gc,phases   ] GC(43)   Other: 0.5ms
[2025-03-30T13:23:12.792-0600][gc,heap     ] GC(43) Eden regions: 47->0(44)
[2025-03-30T13:23:12.792-0600][gc,heap     ] GC(43) Survivor regions: 4->7(7)
[2025-03-30T13:23:12.792-0600][gc,heap     ] GC(43) Old regions: 46->46
[2025-03-30T13:23:12.792-0600][gc,heap     ] GC(43) Archive regions: 2->2
[2025-03-30T13:23:12.792-0600][gc,heap     ] GC(43) Humongous regions: 129->129
[2025-03-30T13:23:12.792-0600][gc,metaspace] GC(43) Metaspace: 41989K(42496K)->41989K(42496K) NonClass: 36867K(37184K)->36867K(37184K) Class: 5121K(5312K)->5121K(5312K)
[2025-03-30T13:23:12.792-0600][gc          ] GC(43) Pause Young (Normal) (G1 Evacuation Pause) 226M->182M(1024M) 30.923ms
[2025-03-30T13:23:12.792-0600][gc,cpu      ] GC(43) User=0.05s Sys=0.00s Real=0.03s
[2025-03-30T13:38:46.523-0600][gc,start    ] GC(44) Pause Young (Normal) (G1 Evacuation Pause)
[2025-03-30T13:38:46.523-0600][gc,task     ] GC(44) Using 2 workers of 2 for evacuation
[2025-03-30T13:38:46.557-0600][gc,mmu      ] GC(44) MMU target violated: 21.0ms (20.0ms/21.0ms)
[2025-03-30T13:38:46.557-0600][gc,phases   ] GC(44)   Pre Evacuate Collection Set: 0.7ms
[2025-03-30T13:38:46.557-0600][gc,phases   ] GC(44)   Merge Heap Roots: 3.0ms
[2025-03-30T13:38:46.557-0600][gc,phases   ] GC(44)   Evacuate Collection Set: 27.6ms
[2025-03-30T13:38:46.557-0600][gc,phases   ] GC(44)   Post Evacuate Collection Set: 2.0ms
[2025-03-30T13:38:46.557-0600][gc,phases   ] GC(44)   Other: 0.6ms
[2025-03-30T13:38:46.557-0600][gc,heap     ] GC(44) Eden regions: 44->0(47)
[2025-03-30T13:38:46.557-0600][gc,heap     ] GC(44) Survivor regions: 7->4(7)
[2025-03-30T13:38:46.557-0600][gc,heap     ] GC(44) Old regions: 46->49
[2025-03-30T13:38:46.557-0600][gc,heap     ] GC(44) Archive regions: 2->2
[2025-03-30T13:38:46.557-0600][gc,heap     ] GC(44) Humongous regions: 129->129
[2025-03-30T13:38:46.557-0600][gc,metaspace] GC(44) Metaspace: 42283K(42752K)->42283K(42752K) NonClass: 37092K(37376K)->37092K(37376K) Class: 5190K(5376K)->5190K(5376K)
[2025-03-30T13:38:46.557-0600][gc          ] GC(44) Pause Young (Normal) (G1 Evacuation Pause) 226M->182M(1024M) 34.071ms
[2025-03-30T13:38:46.557-0600][gc,cpu      ] GC(44) User=0.05s Sys=0.01s Real=0.03s
[2025-03-30T13:38:47.703-0600][gc,heap,exit] Heap
[2025-03-30T13:38:47.703-0600][gc,heap,exit]  garbage-first heap   total 1048576K, used 193567K [0x00000000c0000000, 0x0000000100000000)
[2025-03-30T13:38:47.703-0600][gc,heap,exit]   region size 1024K, 11 young (11264K), 4 survivors (4096K)
[2025-03-30T13:38:47.703-0600][gc,heap,exit]  Metaspace       used 42923K, committed 43392K, reserved 1114112K
[2025-03-30T13:38:47.703-0600][gc,heap,exit]   class space    used 5306K, committed 5504K, reserved 1048576K
