[2025-03-24T15:51:48.047-0600][gc] Using G1
[2025-03-24T15:51:48.060-0600][gc,init] Version: 17.0.14+7 (release)
[2025-03-24T15:51:48.060-0600][gc,init] CPUs: 2 total, 2 available
[2025-03-24T15:51:48.060-0600][gc,init] Memory: 6821M
[2025-03-24T15:51:48.060-0600][gc,init] Large Page Support: Disabled
[2025-03-24T15:51:48.060-0600][gc,init] NUMA Support: Disabled
[2025-03-24T15:51:48.060-0600][gc,init] Compressed Oops: Enabled (32-bit)
[2025-03-24T15:51:48.060-0600][gc,init] Heap Region Size: 1M
[2025-03-24T15:51:48.060-0600][gc,init] Heap Min Capacity: 1G
[2025-03-24T15:51:48.060-0600][gc,init] Heap Initial Capacity: 1G
[2025-03-24T15:51:48.060-0600][gc,init] Heap Max Capacity: 1G
[2025-03-24T15:51:48.060-0600][gc,init] Pre-touch: Disabled
[2025-03-24T15:51:48.060-0600][gc,init] Parallel Workers: 2
[2025-03-24T15:51:48.060-0600][gc,init] Concurrent Workers: 1
[2025-03-24T15:51:48.060-0600][gc,init] Concurrent Refinement Workers: 2
[2025-03-24T15:51:48.060-0600][gc,init] Periodic GC: Disabled
[2025-03-24T15:51:48.071-0600][gc,metaspace] CDS archive(s) mapped at: [0x000076c21b000000-0x000076c21bbc9000-0x000076c21bbc9000), size 12357632, SharedBaseAddress: 0x000076c21b000000, ArchiveRelocationMode: 1.
[2025-03-24T15:51:48.071-0600][gc,metaspace] Compressed class space mapped at: 0x000076c21c000000-0x000076c25c000000, reserved size: 1073741824
[2025-03-24T15:51:48.071-0600][gc,metaspace] Narrow klass base: 0x000076c21b000000, Narrow klass shift: 0, Narrow klass range: 0x100000000
[2025-03-24T15:51:52.775-0600][gc,start    ] GC(0) Pause Young (Normal) (G1 Evacuation Pause)
[2025-03-24T15:51:52.775-0600][gc,task     ] GC(0) Using 2 workers of 2 for evacuation
[2025-03-24T15:51:52.803-0600][gc,mmu      ] GC(0) MMU target violated: 21.0ms (20.0ms/21.0ms)
[2025-03-24T15:51:52.803-0600][gc,phases   ] GC(0)   Pre Evacuate Collection Set: 0.3ms
[2025-03-24T15:51:52.803-0600][gc,phases   ] GC(0)   Merge Heap Roots: 0.1ms
[2025-03-24T15:51:52.803-0600][gc,phases   ] GC(0)   Evacuate Collection Set: 26.5ms
[2025-03-24T15:51:52.804-0600][gc,phases   ] GC(0)   Post Evacuate Collection Set: 1.2ms
[2025-03-24T15:51:52.804-0600][gc,phases   ] GC(0)   Other: 0.5ms
[2025-03-24T15:51:52.804-0600][gc,heap     ] GC(0) Eden regions: 51->0(44)
[2025-03-24T15:51:52.804-0600][gc,heap     ] GC(0) Survivor regions: 0->7(7)
[2025-03-24T15:51:52.804-0600][gc,heap     ] GC(0) Old regions: 0->1
[2025-03-24T15:51:52.804-0600][gc,heap     ] GC(0) Archive regions: 2->2
[2025-03-24T15:51:52.804-0600][gc,heap     ] GC(0) Humongous regions: 0->0
[2025-03-24T15:51:52.804-0600][gc,metaspace] GC(0) Metaspace: 18411K(18624K)->18411K(18624K) NonClass: 16041K(16128K)->16041K(16128K) Class: 2369K(2496K)->2369K(2496K)
[2025-03-24T15:51:52.804-0600][gc          ] GC(0) Pause Young (Normal) (G1 Evacuation Pause) 51M->8M(1024M) 28.700ms
[2025-03-24T15:51:52.804-0600][gc,cpu      ] GC(0) User=0.02s Sys=0.01s Real=0.03s
[2025-03-24T15:51:53.611-0600][gc,start    ] GC(1) Pause Young (Concurrent Start) (Metadata GC Threshold)
[2025-03-24T15:51:53.611-0600][gc,task     ] GC(1) Using 2 workers of 2 for evacuation
[2025-03-24T15:51:53.658-0600][gc,mmu      ] GC(1) MMU target violated: 21.0ms (20.0ms/21.0ms)
[2025-03-24T15:51:53.659-0600][gc,phases   ] GC(1)   Pre Evacuate Collection Set: 0.6ms
[2025-03-24T15:51:53.659-0600][gc,phases   ] GC(1)   Merge Heap Roots: 0.1ms
[2025-03-24T15:51:53.659-0600][gc,phases   ] GC(1)   Evacuate Collection Set: 38.0ms
[2025-03-24T15:51:53.659-0600][gc,phases   ] GC(1)   Post Evacuate Collection Set: 8.3ms
[2025-03-24T15:51:53.659-0600][gc,phases   ] GC(1)   Other: 0.5ms
[2025-03-24T15:51:53.659-0600][gc,heap     ] GC(1) Eden regions: 11->0(50)
[2025-03-24T15:51:53.659-0600][gc,heap     ] GC(1) Survivor regions: 7->1(7)
[2025-03-24T15:51:53.659-0600][gc,heap     ] GC(1) Old regions: 1->8
[2025-03-24T15:51:53.659-0600][gc,heap     ] GC(1) Archive regions: 2->2
[2025-03-24T15:51:53.659-0600][gc,heap     ] GC(1) Humongous regions: 0->0
[2025-03-24T15:51:53.659-0600][gc,metaspace] GC(1) Metaspace: 21283K(21504K)->21283K(21504K) NonClass: 18477K(18560K)->18477K(18560K) Class: 2806K(2944K)->2806K(2944K)
[2025-03-24T15:51:53.659-0600][gc          ] GC(1) Pause Young (Concurrent Start) (Metadata GC Threshold) 19M->9M(1024M) 47.627ms
[2025-03-24T15:51:53.659-0600][gc,cpu      ] GC(1) User=0.02s Sys=0.01s Real=0.05s
[2025-03-24T15:51:53.660-0600][gc          ] GC(2) Concurrent Mark Cycle
[2025-03-24T15:51:53.660-0600][gc,marking  ] GC(2) Concurrent Clear Claimed Marks
[2025-03-24T15:51:53.660-0600][gc,marking  ] GC(2) Concurrent Clear Claimed Marks 0.027ms
[2025-03-24T15:51:53.660-0600][gc,marking  ] GC(2) Concurrent Scan Root Regions
[2025-03-24T15:51:53.679-0600][gc,marking  ] GC(2) Concurrent Scan Root Regions 18.550ms
[2025-03-24T15:51:53.679-0600][gc,marking  ] GC(2) Concurrent Mark
[2025-03-24T15:51:53.679-0600][gc,marking  ] GC(2) Concurrent Mark From Roots
[2025-03-24T15:51:53.679-0600][gc,task     ] GC(2) Using 1 workers of 1 for marking
[2025-03-24T15:51:53.691-0600][gc,marking  ] GC(2) Concurrent Mark From Roots 12.264ms
[2025-03-24T15:51:53.691-0600][gc,marking  ] GC(2) Concurrent Preclean
[2025-03-24T15:51:53.691-0600][gc,marking  ] GC(2) Concurrent Preclean 0.044ms
[2025-03-24T15:51:53.692-0600][gc,start    ] GC(2) Pause Remark
[2025-03-24T15:51:53.699-0600][gc          ] GC(2) Pause Remark 10M->10M(1024M) 7.214ms
[2025-03-24T15:51:53.699-0600][gc,cpu      ] GC(2) User=0.01s Sys=0.00s Real=0.01s
[2025-03-24T15:51:53.699-0600][gc,marking  ] GC(2) Concurrent Mark 19.902ms
[2025-03-24T15:51:53.699-0600][gc,marking  ] GC(2) Concurrent Rebuild Remembered Sets
[2025-03-24T15:51:53.707-0600][gc,marking  ] GC(2) Concurrent Rebuild Remembered Sets 8.188ms
[2025-03-24T15:51:53.708-0600][gc,start    ] GC(2) Pause Cleanup
[2025-03-24T15:51:53.709-0600][gc          ] GC(2) Pause Cleanup 10M->10M(1024M) 0.423ms
[2025-03-24T15:51:53.709-0600][gc,cpu      ] GC(2) User=0.00s Sys=0.00s Real=0.00s
[2025-03-24T15:51:53.716-0600][gc,marking  ] GC(2) Concurrent Cleanup for Next Mark
[2025-03-24T15:51:53.738-0600][gc,marking  ] GC(2) Concurrent Cleanup for Next Mark 21.441ms
[2025-03-24T15:51:53.738-0600][gc          ] GC(2) Concurrent Mark Cycle 77.514ms
[2025-03-24T15:51:56.204-0600][gc,start    ] GC(3) Pause Young (Normal) (G1 Evacuation Pause)
[2025-03-24T15:51:56.204-0600][gc,task     ] GC(3) Using 2 workers of 2 for evacuation
[2025-03-24T15:51:56.222-0600][gc,phases   ] GC(3)   Pre Evacuate Collection Set: 0.6ms
[2025-03-24T15:51:56.222-0600][gc,phases   ] GC(3)   Merge Heap Roots: 0.2ms
[2025-03-24T15:51:56.222-0600][gc,phases   ] GC(3)   Evacuate Collection Set: 15.4ms
[2025-03-24T15:51:56.222-0600][gc,phases   ] GC(3)   Post Evacuate Collection Set: 0.9ms
[2025-03-24T15:51:56.222-0600][gc,phases   ] GC(3)   Other: 0.3ms
[2025-03-24T15:51:56.222-0600][gc,heap     ] GC(3) Eden regions: 50->0(45)
[2025-03-24T15:51:56.222-0600][gc,heap     ] GC(3) Survivor regions: 1->6(7)
[2025-03-24T15:51:56.222-0600][gc,heap     ] GC(3) Old regions: 8->8
[2025-03-24T15:51:56.222-0600][gc,heap     ] GC(3) Archive regions: 2->2
[2025-03-24T15:51:56.222-0600][gc,heap     ] GC(3) Humongous regions: 129->129
[2025-03-24T15:51:56.222-0600][gc,metaspace] GC(3) Metaspace: 32574K(32832K)->32574K(32832K) NonClass: 28663K(28800K)->28663K(28800K) Class: 3911K(4032K)->3911K(4032K)
[2025-03-24T15:51:56.222-0600][gc          ] GC(3) Pause Young (Normal) (G1 Evacuation Pause) 188M->143M(1024M) 17.678ms
[2025-03-24T15:51:56.222-0600][gc,cpu      ] GC(3) User=0.03s Sys=0.01s Real=0.02s
[2025-03-24T15:51:56.854-0600][gc,start    ] GC(4) Pause Young (Concurrent Start) (Metadata GC Threshold)
[2025-03-24T15:51:56.854-0600][gc,task     ] GC(4) Using 2 workers of 2 for evacuation
[2025-03-24T15:51:56.889-0600][gc,mmu      ] GC(4) MMU target violated: 21.0ms (20.0ms/21.0ms)
[2025-03-24T15:51:56.889-0600][gc,phases   ] GC(4)   Pre Evacuate Collection Set: 0.4ms
[2025-03-24T15:51:56.889-0600][gc,phases   ] GC(4)   Merge Heap Roots: 0.2ms
[2025-03-24T15:51:56.889-0600][gc,phases   ] GC(4)   Evacuate Collection Set: 32.6ms
[2025-03-24T15:51:56.889-0600][gc,phases   ] GC(4)   Post Evacuate Collection Set: 1.5ms
[2025-03-24T15:51:56.889-0600][gc,phases   ] GC(4)   Other: 0.4ms
[2025-03-24T15:51:56.889-0600][gc,heap     ] GC(4) Eden regions: 15->0(50)
[2025-03-24T15:51:56.889-0600][gc,heap     ] GC(4) Survivor regions: 6->1(7)
[2025-03-24T15:51:56.889-0600][gc,heap     ] GC(4) Old regions: 8->14
[2025-03-24T15:51:56.889-0600][gc,heap     ] GC(4) Archive regions: 2->2
[2025-03-24T15:51:56.889-0600][gc,heap     ] GC(4) Humongous regions: 129->129
[2025-03-24T15:51:56.889-0600][gc,metaspace] GC(4) Metaspace: 35719K(35968K)->35719K(35968K) NonClass: 31380K(31488K)->31380K(31488K) Class: 4339K(4480K)->4339K(4480K)
[2025-03-24T15:51:56.889-0600][gc          ] GC(4) Pause Young (Concurrent Start) (Metadata GC Threshold) 157M->144M(1024M) 35.214ms
[2025-03-24T15:51:56.889-0600][gc,cpu      ] GC(4) User=0.06s Sys=0.00s Real=0.04s
[2025-03-24T15:51:56.889-0600][gc          ] GC(5) Concurrent Mark Cycle
[2025-03-24T15:51:56.889-0600][gc,marking  ] GC(5) Concurrent Clear Claimed Marks
[2025-03-24T15:51:56.889-0600][gc,marking  ] GC(5) Concurrent Clear Claimed Marks 0.053ms
[2025-03-24T15:51:56.889-0600][gc,marking  ] GC(5) Concurrent Scan Root Regions
[2025-03-24T15:51:56.904-0600][gc,marking  ] GC(5) Concurrent Scan Root Regions 15.069ms
[2025-03-24T15:51:56.904-0600][gc,marking  ] GC(5) Concurrent Mark
[2025-03-24T15:51:56.904-0600][gc,marking  ] GC(5) Concurrent Mark From Roots
[2025-03-24T15:51:56.904-0600][gc,task     ] GC(5) Using 1 workers of 1 for marking
[2025-03-24T15:51:56.942-0600][gc,marking  ] GC(5) Concurrent Mark From Roots 37.855ms
[2025-03-24T15:51:56.942-0600][gc,marking  ] GC(5) Concurrent Preclean
[2025-03-24T15:51:56.942-0600][gc,marking  ] GC(5) Concurrent Preclean 0.128ms
[2025-03-24T15:51:56.946-0600][gc,start    ] GC(5) Pause Remark
[2025-03-24T15:51:56.955-0600][gc          ] GC(5) Pause Remark 146M->146M(1024M) 9.577ms
[2025-03-24T15:51:56.955-0600][gc,cpu      ] GC(5) User=0.01s Sys=0.00s Real=0.01s
[2025-03-24T15:51:56.956-0600][gc,marking  ] GC(5) Concurrent Mark 51.303ms
[2025-03-24T15:51:56.956-0600][gc,marking  ] GC(5) Concurrent Rebuild Remembered Sets
[2025-03-24T15:51:57.003-0600][gc,marking  ] GC(5) Concurrent Rebuild Remembered Sets 47.603ms
[2025-03-24T15:51:57.004-0600][gc,start    ] GC(5) Pause Cleanup
[2025-03-24T15:51:57.005-0600][gc          ] GC(5) Pause Cleanup 147M->147M(1024M) 0.323ms
[2025-03-24T15:51:57.005-0600][gc,cpu      ] GC(5) User=0.00s Sys=0.00s Real=0.00s
[2025-03-24T15:51:57.005-0600][gc,marking  ] GC(5) Concurrent Cleanup for Next Mark
[2025-03-24T15:51:57.044-0600][gc,marking  ] GC(5) Concurrent Cleanup for Next Mark 39.447ms
[2025-03-24T15:51:57.044-0600][gc          ] GC(5) Concurrent Mark Cycle 155.350ms
[2025-03-24T15:56:33.985-0600][gc,start    ] GC(6) Pause Young (Normal) (G1 Evacuation Pause)
[2025-03-24T15:56:33.985-0600][gc,task     ] GC(6) Using 2 workers of 2 for evacuation
[2025-03-24T15:56:34.013-0600][gc,mmu      ] GC(6) MMU target violated: 21.0ms (20.0ms/21.0ms)
[2025-03-24T15:56:34.013-0600][gc,phases   ] GC(6)   Pre Evacuate Collection Set: 0.3ms
[2025-03-24T15:56:34.013-0600][gc,phases   ] GC(6)   Merge Heap Roots: 0.2ms
[2025-03-24T15:56:34.013-0600][gc,phases   ] GC(6)   Evacuate Collection Set: 23.5ms
[2025-03-24T15:56:34.013-0600][gc,phases   ] GC(6)   Post Evacuate Collection Set: 3.8ms
[2025-03-24T15:56:34.013-0600][gc,phases   ] GC(6)   Other: 0.6ms
[2025-03-24T15:56:34.013-0600][gc,heap     ] GC(6) Eden regions: 50->0(46)
[2025-03-24T15:56:34.013-0600][gc,heap     ] GC(6) Survivor regions: 1->5(7)
[2025-03-24T15:56:34.013-0600][gc,heap     ] GC(6) Old regions: 14->14
[2025-03-24T15:56:34.013-0600][gc,heap     ] GC(6) Archive regions: 2->2
[2025-03-24T15:56:34.013-0600][gc,heap     ] GC(6) Humongous regions: 129->129
[2025-03-24T15:56:34.013-0600][gc,metaspace] GC(6) Metaspace: 42361K(42944K)->42361K(42944K) NonClass: 36964K(37312K)->36964K(37312K) Class: 5397K(5632K)->5397K(5632K)
[2025-03-24T15:56:34.013-0600][gc          ] GC(6) Pause Young (Normal) (G1 Evacuation Pause) 194M->147M(1024M) 28.556ms
[2025-03-24T15:56:34.013-0600][gc,cpu      ] GC(6) User=0.03s Sys=0.01s Real=0.03s
[2025-03-24T16:09:20.585-0600][gc,start    ] GC(7) Pause Young (Normal) (G1 Evacuation Pause)
[2025-03-24T16:09:20.586-0600][gc,task     ] GC(7) Using 2 workers of 2 for evacuation
[2025-03-24T16:09:20.616-0600][gc,mmu      ] GC(7) MMU target violated: 21.0ms (20.0ms/21.0ms)
[2025-03-24T16:09:20.616-0600][gc,phases   ] GC(7)   Pre Evacuate Collection Set: 0.6ms
[2025-03-24T16:09:20.616-0600][gc,phases   ] GC(7)   Merge Heap Roots: 0.2ms
[2025-03-24T16:09:20.616-0600][gc,phases   ] GC(7)   Evacuate Collection Set: 28.4ms
[2025-03-24T16:09:20.616-0600][gc,phases   ] GC(7)   Post Evacuate Collection Set: 1.1ms
[2025-03-24T16:09:20.616-0600][gc,phases   ] GC(7)   Other: 0.4ms
[2025-03-24T16:09:20.616-0600][gc,heap     ] GC(7) Eden regions: 46->0(48)
[2025-03-24T16:09:20.616-0600][gc,heap     ] GC(7) Survivor regions: 5->3(7)
[2025-03-24T16:09:20.616-0600][gc,heap     ] GC(7) Old regions: 14->18
[2025-03-24T16:09:20.616-0600][gc,heap     ] GC(7) Archive regions: 2->2
[2025-03-24T16:09:20.616-0600][gc,heap     ] GC(7) Humongous regions: 129->129
[2025-03-24T16:09:20.616-0600][gc,metaspace] GC(7) Metaspace: 43187K(43776K)->43187K(43776K) NonClass: 37756K(38144K)->37756K(38144K) Class: 5430K(5632K)->5430K(5632K)
[2025-03-24T16:09:20.616-0600][gc          ] GC(7) Pause Young (Normal) (G1 Evacuation Pause) 193M->150M(1024M) 30.940ms
[2025-03-24T16:09:20.616-0600][gc,cpu      ] GC(7) User=0.05s Sys=0.01s Real=0.03s
[2025-03-24T16:23:24.547-0600][gc,start    ] GC(8) Pause Young (Normal) (G1 Evacuation Pause)
[2025-03-24T16:23:24.547-0600][gc,task     ] GC(8) Using 2 workers of 2 for evacuation
[2025-03-24T16:23:24.562-0600][gc,phases   ] GC(8)   Pre Evacuate Collection Set: 0.7ms
[2025-03-24T16:23:24.562-0600][gc,phases   ] GC(8)   Merge Heap Roots: 0.2ms
[2025-03-24T16:23:24.562-0600][gc,phases   ] GC(8)   Evacuate Collection Set: 13.0ms
[2025-03-24T16:23:24.562-0600][gc,phases   ] GC(8)   Post Evacuate Collection Set: 1.0ms
[2025-03-24T16:23:24.562-0600][gc,phases   ] GC(8)   Other: 0.4ms
[2025-03-24T16:23:24.562-0600][gc,heap     ] GC(8) Eden regions: 48->0(48)
[2025-03-24T16:23:24.562-0600][gc,heap     ] GC(8) Survivor regions: 3->3(7)
[2025-03-24T16:23:24.562-0600][gc,heap     ] GC(8) Old regions: 18->18
[2025-03-24T16:23:24.562-0600][gc,heap     ] GC(8) Archive regions: 2->2
[2025-03-24T16:23:24.562-0600][gc,heap     ] GC(8) Humongous regions: 129->129
[2025-03-24T16:23:24.562-0600][gc,metaspace] GC(8) Metaspace: 43340K(43840K)->43340K(43840K) NonClass: 37906K(38208K)->37906K(38208K) Class: 5434K(5632K)->5434K(5632K)
[2025-03-24T16:23:24.562-0600][gc          ] GC(8) Pause Young (Normal) (G1 Evacuation Pause) 198M->150M(1024M) 15.583ms
[2025-03-24T16:23:24.563-0600][gc,cpu      ] GC(8) User=0.02s Sys=0.00s Real=0.02s
[2025-03-24T16:35:44.898-0600][gc,start    ] GC(9) Pause Young (Normal) (G1 Evacuation Pause)
[2025-03-24T16:35:44.928-0600][gc,task     ] GC(9) Using 2 workers of 2 for evacuation
[2025-03-24T16:35:45.020-0600][gc,mmu      ] GC(9) MMU target violated: 21.0ms (20.0ms/21.0ms)
[2025-03-24T16:35:45.020-0600][gc,phases   ] GC(9)   Pre Evacuate Collection Set: 0.4ms
[2025-03-24T16:35:45.020-0600][gc,phases   ] GC(9)   Merge Heap Roots: 0.2ms
[2025-03-24T16:35:45.020-0600][gc,phases   ] GC(9)   Evacuate Collection Set: 50.6ms
[2025-03-24T16:35:45.020-0600][gc,phases   ] GC(9)   Post Evacuate Collection Set: 40.2ms
[2025-03-24T16:35:45.020-0600][gc,phases   ] GC(9)   Other: 36.8ms
[2025-03-24T16:35:45.020-0600][gc,heap     ] GC(9) Eden regions: 48->0(45)
[2025-03-24T16:35:45.020-0600][gc,heap     ] GC(9) Survivor regions: 3->6(7)
[2025-03-24T16:35:45.020-0600][gc,heap     ] GC(9) Old regions: 18->18
[2025-03-24T16:35:45.020-0600][gc,heap     ] GC(9) Archive regions: 2->2
[2025-03-24T16:35:45.020-0600][gc,heap     ] GC(9) Humongous regions: 129->129
[2025-03-24T16:35:45.020-0600][gc,metaspace] GC(9) Metaspace: 43769K(44352K)->43769K(44352K) NonClass: 38305K(38656K)->38305K(38656K) Class: 5464K(5696K)->5464K(5696K)
[2025-03-24T16:35:45.020-0600][gc          ] GC(9) Pause Young (Normal) (G1 Evacuation Pause) 198M->152M(1024M) 122.036ms
[2025-03-24T16:35:45.020-0600][gc,cpu      ] GC(9) User=0.04s Sys=0.00s Real=0.12s
[2025-03-24T16:50:34.875-0600][gc,start    ] GC(10) Pause Young (Normal) (G1 Evacuation Pause)
[2025-03-24T16:50:34.902-0600][gc,task     ] GC(10) Using 2 workers of 2 for evacuation
[2025-03-24T16:50:35.058-0600][gc,mmu      ] GC(10) MMU target violated: 21.0ms (20.0ms/21.0ms)
[2025-03-24T16:50:35.058-0600][gc,phases   ] GC(10)   Pre Evacuate Collection Set: 2.9ms
[2025-03-24T16:50:35.058-0600][gc,phases   ] GC(10)   Merge Heap Roots: 0.2ms
[2025-03-24T16:50:35.059-0600][gc,phases   ] GC(10)   Evacuate Collection Set: 131.2ms
[2025-03-24T16:50:35.059-0600][gc,phases   ] GC(10)   Post Evacuate Collection Set: 21.7ms
[2025-03-24T16:50:35.059-0600][gc,phases   ] GC(10)   Other: 27.0ms
[2025-03-24T16:50:35.059-0600][gc,heap     ] GC(10) Eden regions: 45->0(46)
[2025-03-24T16:50:35.059-0600][gc,heap     ] GC(10) Survivor regions: 6->5(7)
[2025-03-24T16:50:35.059-0600][gc,heap     ] GC(10) Old regions: 18->20
[2025-03-24T16:50:35.059-0600][gc,heap     ] GC(10) Archive regions: 2->2
[2025-03-24T16:50:35.059-0600][gc,heap     ] GC(10) Humongous regions: 129->129
[2025-03-24T16:50:35.059-0600][gc,metaspace] GC(10) Metaspace: 43823K(44352K)->43823K(44352K) NonClass: 38358K(38656K)->38358K(38656K) Class: 5465K(5696K)->5465K(5696K)
[2025-03-24T16:50:35.059-0600][gc          ] GC(10) Pause Young (Normal) (G1 Evacuation Pause) 197M->153M(1024M) 183.306ms
[2025-03-24T16:50:35.059-0600][gc,cpu      ] GC(10) User=0.03s Sys=0.00s Real=0.19s
[2025-03-24T16:57:24.134-0600][gc,heap,exit] Heap
[2025-03-24T16:57:24.134-0600][gc,heap,exit]  garbage-first heap   total 1048576K, used 184820K [0x00000000c0000000, 0x0000000100000000)
[2025-03-24T16:57:24.134-0600][gc,heap,exit]   region size 1024K, 32 young (32768K), 5 survivors (5120K)
[2025-03-24T16:57:24.134-0600][gc,heap,exit]  Metaspace       used 44753K, committed 45312K, reserved 1114112K
[2025-03-24T16:57:24.134-0600][gc,heap,exit]   class space    used 5651K, committed 5888K, reserved 1048576K
