[2025-03-30T12:18:37.561-0600][gc] Using G1
[2025-03-30T12:18:37.568-0600][gc,init] Version: 17.0.14+7 (release)
[2025-03-30T12:18:37.568-0600][gc,init] CPUs: 2 total, 2 available
[2025-03-30T12:18:37.568-0600][gc,init] Memory: 6821M
[2025-03-30T12:18:37.568-0600][gc,init] Large Page Support: Disabled
[2025-03-30T12:18:37.568-0600][gc,init] NUMA Support: Disabled
[2025-03-30T12:18:37.568-0600][gc,init] Compressed Oops: Enabled (32-bit)
[2025-03-30T12:18:37.568-0600][gc,init] Heap Region Size: 1M
[2025-03-30T12:18:37.568-0600][gc,init] Heap Min Capacity: 512M
[2025-03-30T12:18:37.568-0600][gc,init] Heap Initial Capacity: 512M
[2025-03-30T12:18:37.568-0600][gc,init] Heap Max Capacity: 512M
[2025-03-30T12:18:37.568-0600][gc,init] Pre-touch: Disabled
[2025-03-30T12:18:37.568-0600][gc,init] Parallel Workers: 2
[2025-03-30T12:18:37.568-0600][gc,init] Concurrent Workers: 1
[2025-03-30T12:18:37.568-0600][gc,init] Concurrent Refinement Workers: 2
[2025-03-30T12:18:37.568-0600][gc,init] Periodic GC: Disabled
[2025-03-30T12:18:37.577-0600][gc,metaspace] CDS archive(s) mapped at: [0x000077d56b000000-0x000077d56bbc9000-0x000077d56bbc9000), size 12357632, SharedBaseAddress: 0x000077d56b000000, ArchiveRelocationMode: 1.
[2025-03-30T12:18:37.577-0600][gc,metaspace] Compressed class space mapped at: 0x000077d56c000000-0x000077d5ac000000, reserved size: 1073741824
[2025-03-30T12:18:37.577-0600][gc,metaspace] Narrow klass base: 0x000077d56b000000, Narrow klass shift: 0, Narrow klass range: 0x100000000
[2025-03-30T12:20:05.160-0600][gc,start    ] GC(0) Pause Young (Normal) (G1 Evacuation Pause)
[2025-03-30T12:20:05.160-0600][gc,task     ] GC(0) Using 2 workers of 2 for evacuation
[2025-03-30T12:20:05.176-0600][gc,phases   ] GC(0)   Pre Evacuate Collection Set: 0.1ms
[2025-03-30T12:20:05.176-0600][gc,phases   ] GC(0)   Merge Heap Roots: 0.1ms
[2025-03-30T12:20:05.176-0600][gc,phases   ] GC(0)   Evacuate Collection Set: 14.4ms
[2025-03-30T12:20:05.176-0600][gc,phases   ] GC(0)   Post Evacuate Collection Set: 0.9ms
[2025-03-30T12:20:05.176-0600][gc,phases   ] GC(0)   Other: 0.4ms
[2025-03-30T12:20:05.176-0600][gc,heap     ] GC(0) Eden regions: 25->0(21)
[2025-03-30T12:20:05.176-0600][gc,heap     ] GC(0) Survivor regions: 0->4(4)
[2025-03-30T12:20:05.176-0600][gc,heap     ] GC(0) Old regions: 0->5
[2025-03-30T12:20:05.176-0600][gc,heap     ] GC(0) Archive regions: 2->2
[2025-03-30T12:20:05.176-0600][gc,heap     ] GC(0) Humongous regions: 0->0
[2025-03-30T12:20:05.176-0600][gc,metaspace] GC(0) Metaspace: 7970K(8128K)->7970K(8128K) NonClass: 7076K(7168K)->7076K(7168K) Class: 893K(960K)->893K(960K)
[2025-03-30T12:20:05.176-0600][gc          ] GC(0) Pause Young (Normal) (G1 Evacuation Pause) 25M->9M(512M) 16.209ms
[2025-03-30T12:20:05.176-0600][gc,cpu      ] GC(0) User=0.01s Sys=0.01s Real=0.01s
[2025-03-30T13:38:50.449-0600][gc,heap,exit] Heap
[2025-03-30T13:38:50.482-0600][gc,heap,exit]  garbage-first heap   total 524288K, used 18017K [0x00000000e0000000, 0x0000000100000000)
[2025-03-30T13:38:50.482-0600][gc,heap,exit]   region size 1024K, 13 young (13312K), 4 survivors (4096K)
[2025-03-30T13:38:50.482-0600][gc,heap,exit]  Metaspace       used 8829K, committed 9024K, reserved 1114112K
[2025-03-30T13:38:50.482-0600][gc,heap,exit]   class space    used 942K, committed 1024K, reserved 1048576K
